Archive member included to satisfy reference by file (symbol)

/home/rrace001/pico/micro_ros_raspberrypi_pico_sdk/libmicroros/libmicroros.a(librcl-publisher.c.obj)
                              CMakeFiles/pico_micro_ros_example.dir/pico_uros_wifi_example.c.obj (rcl_publish)
/home/rrace001/pico/micro_ros_raspberrypi_pico_sdk/libmicroros/libmicroros.a(librclc-executor.c.obj)
                              CMakeFiles/pico_micro_ros_example.dir/pico_uros_wifi_example.c.obj (rclc_executor_init)
/home/rrace001/pico/micro_ros_raspberrypi_pico_sdk/libmicroros/libmicroros.a(librclc-executor_handle.c.obj)
                              /home/rrace001/pico/micro_ros_raspberrypi_pico_sdk/libmicroros/libmicroros.a(librclc-executor.c.obj) (rclc_executor_handle_counters_zero_init)
/home/rrace001/pico/micro_ros_raspberrypi_pico_sdk/libmicroros/libmicroros.a(librclc-init.c.obj)
                              CMakeFiles/pico_micro_ros_example.dir/pico_uros_wifi_example.c.obj (rclc_support_init)
/home/rrace001/pico/micro_ros_raspberrypi_pico_sdk/libmicroros/libmicroros.a(librclc-node.c.obj)
                              CMakeFiles/pico_micro_ros_example.dir/pico_uros_wifi_example.c.obj (rclc_node_init_default)
/home/rrace001/pico/micro_ros_raspberrypi_pico_sdk/libmicroros/libmicroros.a(librclc-publisher.c.obj)
                              CMakeFiles/pico_micro_ros_example.dir/pico_uros_wifi_example.c.obj (rclc_publisher_init_default)
/home/rrace001/pico/micro_ros_raspberrypi_pico_sdk/libmicroros/libmicroros.a(librclc-sleep.c.obj)
                              /home/rrace001/pico/micro_ros_raspberrypi_pico_sdk/libmicroros/libmicroros.a(librclc-executor.c.obj) (rclc_sleep_ms)
/home/rrace001/pico/micro_ros_raspberrypi_pico_sdk/libmicroros/libmicroros.a(librclc-timer.c.obj)
                              CMakeFiles/pico_micro_ros_example.dir/pico_uros_wifi_example.c.obj (rclc_timer_init_default)
/home/rrace001/pico/micro_ros_raspberrypi_pico_sdk/libmicroros/libmicroros.a(librcutils-allocator.c.obj)
                              CMakeFiles/pico_micro_ros_example.dir/pico_uros_wifi_example.c.obj (rcutils_get_default_allocator)
/home/rrace001/pico/micro_ros_raspberrypi_pico_sdk/libmicroros/libmicroros.a(librcutils-error_handling.c.obj)
                              /home/rrace001/pico/micro_ros_raspberrypi_pico_sdk/libmicroros/libmicroros.a(librcl-publisher.c.obj) (rcutils_reset_error)
/home/rrace001/pico/micro_ros_raspberrypi_pico_sdk/libmicroros/libmicroros.a(librcutils-time_unix.c.obj)
                              /home/rrace001/pico/micro_ros_raspberrypi_pico_sdk/libmicroros/libmicroros.a(librclc-executor.c.obj) (rcutils_system_time_now)
/home/rrace001/pico/micro_ros_raspberrypi_pico_sdk/libmicroros/libmicroros.a(librmw-publisher_options.c.obj)
                              /home/rrace001/pico/micro_ros_raspberrypi_pico_sdk/libmicroros/libmicroros.a(librcl-publisher.c.obj) (rmw_get_default_publisher_options)
/home/rrace001/pico/micro_ros_raspberrypi_pico_sdk/libmicroros/libmicroros.a(librmw_microxrcedds-ping.c.obj)
                              CMakeFiles/pico_micro_ros_example.dir/pico_uros_wifi_example.c.obj (rmw_uros_ping_agent)
/home/rrace001/pico/micro_ros_raspberrypi_pico_sdk/libmicroros/libmicroros.a(librmw_microxrcedds-rmw_publish.c.obj)
                              /home/rrace001/pico/micro_ros_raspberrypi_pico_sdk/libmicroros/libmicroros.a(librcl-publisher.c.obj) (rmw_publish)
/home/rrace001/pico/micro_ros_raspberrypi_pico_sdk/libmicroros/libmicroros.a(librmw_microxrcedds-rmw_publisher.c.obj)
                              /home/rrace001/pico/micro_ros_raspberrypi_pico_sdk/libmicroros/libmicroros.a(librcl-publisher.c.obj) (rmw_create_publisher)
/home/rrace001/pico/micro_ros_raspberrypi_pico_sdk/libmicroros/libmicroros.a(librmw_microxrcedds-rmw_uxrce_transports.c.obj)
                              /home/rrace001/pico/micro_ros_raspberrypi_pico_sdk/libmicroros/libmicroros.a(librmw_microxrcedds-ping.c.obj) (rmw_uxrce_transport_init)
/home/rrace001/pico/micro_ros_raspberrypi_pico_sdk/libmicroros/libmicroros.a(librmw_microxrcedds-types.c.obj)
                              /home/rrace001/pico/micro_ros_raspberrypi_pico_sdk/libmicroros/libmicroros.a(librmw_microxrcedds-rmw_publisher.c.obj) (rmw_uxrce_fini_publisher_memory)
/home/rrace001/pico/micro_ros_raspberrypi_pico_sdk/libmicroros/libmicroros.a(librmw_microxrcedds-utils.c.obj)
                              /home/rrace001/pico/micro_ros_raspberrypi_pico_sdk/libmicroros/libmicroros.a(librmw_microxrcedds-rmw_publisher.c.obj) (run_xrce_session)
/home/rrace001/pico/micro_ros_raspberrypi_pico_sdk/libmicroros/libmicroros.a(librosidl_runtime_c-message_type_support.c.obj)
                              /home/rrace001/pico/micro_ros_raspberrypi_pico_sdk/libmicroros/libmicroros.a(librmw_microxrcedds-rmw_publisher.c.obj) (get_message_typesupport_handle)
[...]
Memory Configuration

Name             Origin             Length             Attributes
FLASH            0x0000000010000000 0x0000000000200000 xr
RAM              0x0000000020000000 0x0000000000040000 xrw
SCRATCH_X        0x0000000020040000 0x0000000000001000 xrw
SCRATCH_Y        0x0000000020041000 0x0000000000001000 xrw
*default*        0x0000000000000000 0xffffffffffffffff

Linker script and memory map

LOAD /usr/lib/gcc/arm-none-eabi/10.3.1/thumb/v6-m/nofp/crti.o
LOAD /usr/lib/gcc/arm-none-eabi/10.3.1/thumb/v6-m/nofp/crtbegin.o
LOAD /usr/lib/gcc/arm-none-eabi/10.3.1/../../../arm-none-eabi/lib/thumb/v6-m/nofp/crt0.o

.flash_begin    0x0000000010000000        0x0
                0x0000000010000000                __flash_binary_start = .

.boot2          0x0000000010000000      0x100
                0x0000000010000000                __boot2_start__ = .
 *(.boot2)
 .boot2         0x0000000010000000      0x100 /tmp/cc8AoW4x.o
                0x0000000010000100                __boot2_end__ = .
                0x0000000000000001                ASSERT (((__boot2_end__ - __boot2_start__) == 0x100), ERROR: Pico second stage bootloader must be 256 bytes in size)

.text           0x0000000010000100    0x12bb8
                0x0000000010000100                __logical_binary_start = .
 *(.vectors)
 .vectors       0x0000000010000100       0xd4 CMakeFiles/pico_micro_ros_example.dir/home/rrace001/pico/pico-sdk/src/rp2_common/pico_standard_link/crt0.S.obj
                0x0000000010000100                __vectors
                0x0000000010000100                __VECTOR_TABLE
                0x00000000100001c0                isr_invalid
                0x00000000100001c0                __default_isrs_start
                0x00000000100001c2                isr_nmi
                0x00000000100001c4                isr_hardfault
                0x00000000100001c6                isr_svcall
                0x00000000100001c8                isr_pendsv
                0x00000000100001ca                isr_systick
                0x00000000100001cc                isr_irq30
                0x00000000100001cc                __unhandled_user_irq
                0x00000000100001cc                isr_irq13
                0x00000000100001cc                isr_irq27
                0x00000000100001cc                isr_irq31
                0x00000000100001cc                isr_irq5
                0x00000000100001cc                isr_irq11
                0x00000000100001cc                isr_irq23
                0x00000000100001cc                isr_irq18
                0x00000000100001cc                isr_irq28
                0x00000000100001cc                isr_irq19
                0x00000000100001cc                isr_irq0
                0x00000000100001cc                isr_irq6
                0x00000000100001cc                isr_irq22
                0x00000000100001cc                isr_irq17
                0x00000000100001cc                isr_irq14
                0x00000000100001cc                isr_irq2
                0x00000000100001cc                isr_irq10
                0x00000000100001cc                isr_irq8
                0x00000000100001cc                isr_irq24
                0x00000000100001cc                isr_irq1
                0x00000000100001cc                isr_irq7
                0x00000000100001cc                isr_irq21
                0x00000000100001cc                isr_irq20
                0x00000000100001cc                isr_irq15
                0x00000000100001cc                isr_irq25
                0x00000000100001cc                isr_irq4
                0x00000000100001cc                isr_irq16
                0x00000000100001cc                isr_irq29
                0x00000000100001cc                isr_irq26
                0x00000000100001cc                __default_isrs_end
                0x00000000100001cc                isr_irq3
                0x00000000100001cc                isr_irq12
                0x00000000100001cc                isr_irq9
                0x00000000100001d2                unhandled_user_irq_num_in_r0
 *(.binary_info_header)
 .binary_info_header
                0x00000000100001d4       0x14 CMakeFiles/pico_micro_ros_example.dir/home/rrace001/pico/pico-sdk/src/rp2_common/pico_standard_link/crt0.S.obj
                0x00000000100001e8                __binary_info_header_end = .
 *(.reset)
 .reset         0x00000000100001e8       0xa0 CMakeFiles/pico_micro_ros_example.dir/home/rrace001/pico/pico-sdk/src/rp2_common/pico_standard_link/crt0.S.obj
                0x00000000100001e8                _entry_point
 .reset         0x0000000010000288       0x30 CMakeFiles/pico_micro_ros_example.dir/home/rrace001/pico/pico-sdk/src/rp2_common/pico_standard_link/binary_info.c.obj
 *(.init)
 .init          0x00000000100002b8        0x4 /usr/lib/gcc/arm-none-eabi/10.3.1/thumb/v6-m/nofp/crti.o
                0x00000000100002b8                _init
 *(EXCLUDE_FILE(*libm.a: *libc.a:*lib_a-mem*.o *libgcc.a:) .text*)
 .text          0x00000000100002bc       0x98 /usr/lib/gcc/arm-none-eabi/10.3.1/thumb/v6-m/nofp/crtbegin.o
 .text.timer_callback
                0x0000000010000354       0x20 CMakeFiles/pico_micro_ros_example.dir/pico_uros_wifi_example.c.obj
                0x0000000010000354                timer_callback
 .text.startup.main
                0x0000000010000374       0xf4 CMakeFiles/pico_micro_ros_example.dir/pico_uros_wifi_example.c.obj
                0x0000000010000374                main
 .text.clock_gettime
                0x0000000010000468       0x3c CMakeFiles/pico_micro_ros_example.dir/pico_wifi_transport.c.obj
                0x0000000010000468                clock_gettime
 .text.gpio_init
                0x00000000100004a4       0x3c CMakeFiles/pico_micro_ros_example.dir/home/rrace001/pico/pico-sdk/src/rp2_common/hardware_gpio/gpio.c.obj
                0x00000000100004a4                gpio_init
 .text.running_on_fpga
                0x00000000100004e0       0x10 CMakeFiles/pico_micro_ros_example.dir/home/rrace001/pico/pico-sdk/src/rp2_common/pico_platform/platform.c.obj
                0x00000000100004e0                running_on_fpga
 .text.hw_claim_or_assert
                0x00000000100004f0       0x44 CMakeFiles/pico_micro_ros_example.dir/home/rrace001/pico/pico-sdk/src/rp2_common/hardware_claim/claim.c.obj
                0x00000000100004f0                hw_claim_or_assert
 .text.spin_locks_reset
                0x0000000010000534       0x1c CMakeFiles/pico_micro_ros_example.dir/home/rrace001/pico/pico-sdk/src/rp2_common/hardware_sync/sync.c.obj
                0x0000000010000534                spin_locks_reset
 .text.next_striped_spin_lock_num
                0x0000000010000550       0x18 CMakeFiles/pico_micro_ros_example.dir/home/rrace001/pico/pico-sdk/src/rp2_common/hardware_sync/sync.c.obj
                0x0000000010000550                next_striped_spin_lock_num
 .text.irq_set_enabled
                0x0000000010000568       0x24 CMakeFiles/pico_micro_ros_example.dir/home/rrace001/pico/pico-sdk/src/rp2_common/hardware_irq/irq.c.obj
                0x0000000010000568                irq_set_enabled
 .text.irq_get_vtable_handler
                0x000000001000058c       0x10 CMakeFiles/pico_micro_ros_example.dir/home/rrace001/pico/pico-sdk/src/rp2_common/hardware_irq/irq.c.obj
                0x000000001000058c                irq_get_vtable_handler
 .text.irq_set_exclusive_handler
                0x000000001000059c       0x54 CMakeFiles/pico_micro_ros_example.dir/home/rrace001/pico/pico-sdk/src/rp2_common/hardware_irq/irq.c.obj
                0x000000001000059c                irq_set_exclusive_handler
 .text.irq_remove_handler
                0x00000000100005f0      0x1b0 CMakeFiles/pico_micro_ros_example.dir/home/rrace001/pico/pico-sdk/src/rp2_common/hardware_irq/irq.c.obj
                0x00000000100005f0                irq_remove_handler
 .text.irq_add_tail_to_free_list
                0x00000000100007a0       0xb4 CMakeFiles/pico_micro_ros_example.dir/home/rrace001/pico/pico-sdk/src/rp2_common/hardware_irq/irq.c.obj
                0x00000000100007a0                irq_add_tail_to_free_list
 .text.irq_init_priorities
                0x0000000010000854       0x24 CMakeFiles/pico_micro_ros_example.dir/home/rrace001/pico/pico-sdk/src/rp2_common/hardware_irq/irq.c.obj
                0x0000000010000854                irq_init_priorities
 .text.lock_init
                0x0000000010000878       0x10 CMakeFiles/pico_micro_ros_example.dir/home/rrace001/pico/pico-sdk/src/common/pico_sync/lock_core.c.obj
                0x0000000010000878                lock_init
 .text.mutex_init
                0x0000000010000888       0x1c CMakeFiles/pico_micro_ros_example.dir/home/rrace001/pico/pico-sdk/src/common/pico_sync/mutex.c.obj
                0x0000000010000888                mutex_init
 .text.recursive_mutex_init
                0x00000000100008a4       0x1c CMakeFiles/pico_micro_ros_example.dir/home/rrace001/pico/pico-sdk/src/common/pico_sync/mutex.c.obj
                0x00000000100008a4                recursive_mutex_init
 .text.timer_pool_entry_comparator
                0x00000000100008c0       0x34 CMakeFiles/pico_micro_ros_example.dir/home/rrace001/pico/pico-sdk/src/common/pico_time/time.c.obj
                0x00000000100008c0                timer_pool_entry_comparator
 .text.sleep_until_callback
                0x00000000100008f4       0x30 CMakeFiles/pico_micro_ros_example.dir/home/rrace001/pico/pico-sdk/src/common/pico_time/time.c.obj
 .text.add_alarm_under_lock.isra.0
                0x0000000010000924      0x100 CMakeFiles/pico_micro_ros_example.dir/home/rrace001/pico/pico-sdk/src/common/pico_time/time.c.obj
 .text.alarm_pool_alarm_callback
                0x0000000010000a24      0x1bc CMakeFiles/pico_micro_ros_example.dir/home/rrace001/pico/pico-sdk/src/common/pico_time/time.c.obj
 .text.alarm_pool_init_default
                0x0000000010000be0       0x6c CMakeFiles/pico_micro_ros_example.dir/home/rrace001/pico/pico-sdk/src/common/pico_time/time.c.obj
                0x0000000010000be0                alarm_pool_init_default
 .text.alarm_pool_add_alarm_at
                0x0000000010000c4c      0x178 CMakeFiles/pico_micro_ros_example.dir/home/rrace001/pico/pico-sdk/src/common/pico_time/time.c.obj
                0x0000000010000c4c                alarm_pool_add_alarm_at
 .text.best_effort_wfe_or_timeout
                0x0000000010000dc4       0xd4 CMakeFiles/pico_micro_ros_example.dir/home/rrace001/pico/pico-sdk/src/common/pico_time/time.c.obj
                0x0000000010000dc4                best_effort_wfe_or_timeout
 .text.hardware_alarm_irq_handler
                0x0000000010000e98       0xbc CMakeFiles/pico_micro_ros_example.dir/home/rrace001/pico/pico-sdk/src/rp2_common/hardware_timer/timer.c.obj
 .text.hardware_alarm_claim
                0x0000000010000f54       0x18 CMakeFiles/pico_micro_ros_example.dir/home/rrace001/pico/pico-sdk/src/rp2_common/hardware_timer/timer.c.obj
                0x0000000010000f54                hardware_alarm_claim
 .text.time_us_64
                0x0000000010000f6c       0x14 CMakeFiles/pico_micro_ros_example.dir/home/rrace001/pico/pico-sdk/src/rp2_common/hardware_timer/timer.c.obj
                0x0000000010000f6c                time_us_64
 .text.hardware_alarm_set_callback
                0x0000000010000f80       0x8c CMakeFiles/pico_micro_ros_example.dir/home/rrace001/pico/pico-sdk/src/rp2_common/hardware_timer/timer.c.obj
                0x0000000010000f80                hardware_alarm_set_callback
 .text.hardware_alarm_set_target
                0x000000001000100c       0xd4 CMakeFiles/pico_micro_ros_example.dir/home/rrace001/pico/pico-sdk/src/rp2_common/hardware_timer/timer.c.obj
                0x000000001000100c                hardware_alarm_set_target
 .text.hardware_alarm_cancel
                0x00000000100010e0       0x3c CMakeFiles/pico_micro_ros_example.dir/home/rrace001/pico/pico-sdk/src/rp2_common/hardware_timer/timer.c.obj
                0x00000000100010e0                hardware_alarm_cancel
 .text.ph_merge_nodes
                0x000000001000111c       0x68 CMakeFiles/pico_micro_ros_example.dir/home/rrace001/pico/pico-sdk/src/common/pico_util/pheap.c.obj
 .text.ph_post_alloc_init
                0x0000000010001184       0x3c CMakeFiles/pico_micro_ros_example.dir/home/rrace001/pico/pico-sdk/src/common/pico_util/pheap.c.obj
                0x0000000010001184                ph_post_alloc_init
 .text.ph_merge_two_pass
                0x00000000100011c0       0x90 CMakeFiles/pico_micro_ros_example.dir/home/rrace001/pico/pico-sdk/src/common/pico_util/pheap.c.obj
                0x00000000100011c0                ph_merge_two_pass
 .text.ph_remove_any_head
                0x0000000010001250      0x100 CMakeFiles/pico_micro_ros_example.dir/home/rrace001/pico/pico-sdk/src/common/pico_util/pheap.c.obj
 .text.ph_remove_head
                0x0000000010001350      0x104 CMakeFiles/pico_micro_ros_example.dir/home/rrace001/pico/pico-sdk/src/common/pico_util/pheap.c.obj
                0x0000000010001350                ph_remove_head
 .text.ph_remove_and_free_node
                0x0000000010001454       0x7c CMakeFiles/pico_micro_ros_example.dir/home/rrace001/pico/pico-sdk/src/common/pico_util/pheap.c.obj
                0x0000000010001454                ph_remove_and_free_node
 .text.clocks_init
                0x00000000100014d0      0x2d0 CMakeFiles/pico_micro_ros_example.dir/home/rrace001/pico/pico-sdk/src/rp2_common/hardware_clocks/clocks.c.obj
                0x00000000100014d0                clocks_init
 .text.pll_init
                0x00000000100017a0       0xa0 CMakeFiles/pico_micro_ros_example.dir/home/rrace001/pico/pico-sdk/src/rp2_common/hardware_pll/pll.c.obj
                0x00000000100017a0                pll_init
 .text.watchdog_start_tick
                0x0000000010001840       0x10 CMakeFiles/pico_micro_ros_example.dir/home/rrace001/pico/pico-sdk/src/rp2_common/hardware_watchdog/watchdog.c.obj
                0x0000000010001840                watchdog_start_tick
 .text.xosc_init
                0x0000000010001850       0x28 CMakeFiles/pico_micro_ros_example.dir/home/rrace001/pico/pico-sdk/src/rp2_common/hardware_xosc/xosc.c.obj
                0x0000000010001850                xosc_init
 .text.runtime_init
                0x0000000010001878       0xf0 CMakeFiles/pico_micro_ros_example.dir/home/rrace001/pico/pico-sdk/src/rp2_common/pico_runtime/runtime.c.obj
                0x0000000010001878                runtime_init
 .text._exit    0x0000000010001968        0x4 CMakeFiles/pico_micro_ros_example.dir/home/rrace001/pico/pico-sdk/src/rp2_common/pico_runtime/runtime.c.obj
                0x0000000010001968                _exit
 .text._sbrk    0x000000001000196c       0x34 CMakeFiles/pico_micro_ros_example.dir/home/rrace001/pico/pico-sdk/src/rp2_common/pico_runtime/runtime.c.obj
                0x000000001000196c                _sbrk
 .text.exit     0x00000000100019a0        0x8 CMakeFiles/pico_micro_ros_example.dir/home/rrace001/pico/pico-sdk/src/rp2_common/pico_runtime/runtime.c.obj
                0x00000000100019a0                exit
 .text.panic    0x00000000100019a8       0x30 CMakeFiles/pico_micro_ros_example.dir/home/rrace001/pico/pico-sdk/src/rp2_common/pico_runtime/runtime.c.obj
                0x00000000100019a8                panic
 .text.hard_assertion_failure
                0x00000000100019d8        0xc CMakeFiles/pico_micro_ros_example.dir/home/rrace001/pico/pico-sdk/src/rp2_common/pico_runtime/runtime.c.obj
                0x00000000100019d8                hard_assertion_failure
 .text._out_buffer
                0x00000000100019e4        0x8 CMakeFiles/pico_micro_ros_example.dir/home/rrace001/pico/pico-sdk/src/rp2_common/pico_printf/printf.c.obj
 .text._out_null
                0x00000000100019ec        0x4 CMakeFiles/pico_micro_ros_example.dir/home/rrace001/pico/pico-sdk/src/rp2_common/pico_printf/printf.c.obj
 .text._out_rev
                0x00000000100019f0       0x9c CMakeFiles/pico_micro_ros_example.dir/home/rrace001/pico/pico-sdk/src/rp2_common/pico_printf/printf.c.obj
 .text._ntoa_format
                0x0000000010001a8c      0x1cc CMakeFiles/pico_micro_ros_example.dir/home/rrace001/pico/pico-sdk/src/rp2_common/pico_printf/printf.c.obj
 .text._out_char
                0x0000000010001c58       0x10 CMakeFiles/pico_micro_ros_example.dir/home/rrace001/pico/pico-sdk/src/rp2_common/pico_printf/printf.c.obj
 .text._out_fct
                0x0000000010001c68       0x10 CMakeFiles/pico_micro_ros_example.dir/home/rrace001/pico/pico-sdk/src/rp2_common/pico_printf/printf.c.obj
 .text._etoa    0x0000000010001c78      0x44c CMakeFiles/pico_micro_ros_example.dir/home/rrace001/pico/pico-sdk/src/rp2_common/pico_printf/printf.c.obj
 .text._ftoa    0x00000000100020c4      0x398 CMakeFiles/pico_micro_ros_example.dir/home/rrace001/pico/pico-sdk/src/rp2_common/pico_printf/printf.c.obj
 .text._vsnprintf
                0x000000001000245c      0xb04 CMakeFiles/pico_micro_ros_example.dir/home/rrace001/pico/pico-sdk/src/rp2_common/pico_printf/printf.c.obj
 .text.__wrap_snprintf
                0x0000000010002f60       0x28 CMakeFiles/pico_micro_ros_example.dir/home/rrace001/pico/pico-sdk/src/rp2_common/pico_printf/printf.c.obj
                0x0000000010002f60                __wrap_snprintf
 .text.__wrap_vsnprintf
                0x0000000010002f88       0x1c CMakeFiles/pico_micro_ros_example.dir/home/rrace001/pico/pico-sdk/src/rp2_common/pico_printf/printf.c.obj
                0x0000000010002f88                __wrap_vsnprintf
 .text.vfctprintf
                0x0000000010002fa4       0x20 CMakeFiles/pico_micro_ros_example.dir/home/rrace001/pico/pico-sdk/src/rp2_common/pico_printf/printf.c.obj
                0x0000000010002fa4                vfctprintf
 .text.weak_raw_vprintf
                0x0000000010002fc4       0x30 CMakeFiles/pico_micro_ros_example.dir/home/rrace001/pico/pico-sdk/src/rp2_common/pico_printf/printf.c.obj
                0x0000000010002fc4                weak_raw_vprintf
 .text          0x0000000010002ff4       0x10 CMakeFiles/pico_micro_ros_example.dir/home/rrace001/pico/pico-sdk/src/rp2_common/pico_bit_ops/bit_ops_aeabi.S.obj
 .text.rom_func_lookup
                0x0000000010003004       0x10 CMakeFiles/pico_micro_ros_example.dir/home/rrace001/pico/pico-sdk/src/rp2_common/pico_bootrom/bootrom.c.obj
                0x0000000010003004                rom_func_lookup
 .text.rom_data_lookup
                0x0000000010003014       0x10 CMakeFiles/pico_micro_ros_example.dir/home/rrace001/pico/pico-sdk/src/rp2_common/pico_bootrom/bootrom.c.obj
                0x0000000010003014                rom_data_lookup
 .text.rom_funcs_lookup
                0x0000000010003024       0x44 CMakeFiles/pico_micro_ros_example.dir/home/rrace001/pico/pico-sdk/src/rp2_common/pico_bootrom/bootrom.c.obj
                0x0000000010003024                rom_funcs_lookup
 .text.__wrap___aeabi_idiv
                0x0000000010003068       0x50 CMakeFiles/pico_micro_ros_example.dir/home/rrace001/pico/pico-sdk/src/rp2_common/pico_divider/divider.S.obj
                0x0000000010003068                __wrap___aeabi_idivmod
                0x0000000010003068                divmod_s32s32
                0x0000000010003068                div_s32s32
                0x0000000010003068                __wrap___aeabi_idiv
                0x0000000010003070                divmod_s32s32_unsafe
                0x000000001000309c                divmod_s32s32_savestate
 .text.__wrap___aeabi_uidiv
                0x00000000100030b8       0x4c CMakeFiles/pico_micro_ros_example.dir/home/rrace001/pico/pico-sdk/src/rp2_common/pico_divider/divider.S.obj
                0x00000000100030b8                __wrap___aeabi_uidiv
                0x00000000100030b8                __wrap___aeabi_uidivmod
                0x00000000100030b8                div_u32u32
                0x00000000100030b8                divmod_u32u32
                0x00000000100030c0                divmod_u32u32_unsafe
                0x00000000100030e8                divmod_u32u32_savestate
 .text.__wrap___aeabi_ldiv
                0x0000000010003104      0x424 CMakeFiles/pico_micro_ros_example.dir/home/rrace001/pico/pico-sdk/src/rp2_common/pico_divider/divider.S.obj
                0x0000000010003104                div_s64s64
                0x0000000010003104                divmod_s64s64
                0x0000000010003104                __wrap___aeabi_ldivmod
                0x0000000010003134                div_u64u64
                0x0000000010003134                divmod_u64u64
                0x0000000010003134                __wrap___aeabi_uldivmod
                0x0000000010003144                divmod_u64u64_savestate
                0x0000000010003164                divmod_s64s64_unsafe
                0x00000000100031ec                divmod_u64u64_unsafe
 .text.__wrap___aeabi_darithmetic
                0x0000000010003528       0x60 CMakeFiles/pico_micro_ros_example.dir/home/rrace001/pico/pico-sdk/src/rp2_common/pico_double/double_aeabi.S.obj
                0x0000000010003528                __wrap___aeabi_drsub
                0x000000001000352e                __wrap___aeabi_dsub
                0x0000000010003538                __wrap___aeabi_dadd
                0x0000000010003542                __wrap___aeabi_ddiv
                0x0000000010003576                __wrap___aeabi_dmul
 .text.__wrap___aeabi_cdcmple
                0x0000000010003588       0x6c CMakeFiles/pico_micro_ros_example.dir/home/rrace001/pico/pico-sdk/src/rp2_common/pico_double/double_aeabi.S.obj
                0x0000000010003588                __wrap___aeabi_cdrcmple
                0x0000000010003598                __wrap___aeabi_cdcmple
                0x0000000010003598                __wrap___aeabi_cdcmpeq
 .text.__wrap___aeabi_dcmplt
                0x00000000100035f4        0xc CMakeFiles/pico_micro_ros_example.dir/home/rrace001/pico/pico-sdk/src/rp2_common/pico_double/double_aeabi.S.obj
                0x00000000100035f4                __wrap___aeabi_dcmplt
 .text.__wrap___aeabi_dcmple
                0x0000000010003600       0x10 CMakeFiles/pico_micro_ros_example.dir/home/rrace001/pico/pico-sdk/src/rp2_common/pico_double/double_aeabi.S.obj
                0x0000000010003600                __wrap___aeabi_dcmple
 .text.__wrap___aeabi_dcmpge
                0x0000000010003610       0x10 CMakeFiles/pico_micro_ros_example.dir/home/rrace001/pico/pico-sdk/src/rp2_common/pico_double/double_aeabi.S.obj
                0x0000000010003610                __wrap___aeabi_dcmpge
 .text.__wrap___aeabi_dcmpgt
                0x0000000010003620        0xa CMakeFiles/pico_micro_ros_example.dir/home/rrace001/pico/pico-sdk/src/rp2_common/pico_double/double_aeabi.S.obj
                0x0000000010003620                __wrap___aeabi_dcmpgt
 .text.__wrap___aeabi_dcmpun
                0x000000001000362a       0x1c CMakeFiles/pico_micro_ros_example.dir/home/rrace001/pico/pico-sdk/src/rp2_common/pico_double/double_aeabi.S.obj
                0x000000001000362a                __wrap___aeabi_dcmpun
 *fill*         0x0000000010003646        0x2 
 .text.__wrap___aeabi_i2d
                0x0000000010003648       0x38 CMakeFiles/pico_micro_ros_example.dir/home/rrace001/pico/pico-sdk/src/rp2_common/pico_double/double_aeabi.S.obj
                0x0000000010003648                __wrap___aeabi_ui2d
                0x0000000010003650                __wrap___aeabi_i2d
 .text.__wrap___aeabi_d2iz
                0x0000000010003680       0x48 CMakeFiles/pico_micro_ros_example.dir/home/rrace001/pico/pico-sdk/src/rp2_common/pico_double/double_aeabi.S.obj
                0x0000000010003680                __wrap___aeabi_d2iz
                0x0000000010003680                double2int_z
 .text.__wrap___aeabi_d2uiz
                0x00000000100036c8       0x10 CMakeFiles/pico_micro_ros_example.dir/home/rrace001/pico/pico-sdk/src/rp2_common/pico_double/double_aeabi.S.obj
                0x00000000100036c8                double2uint
                0x00000000100036c8                __wrap___aeabi_d2uiz
 .text.missing_double_func_shim
                0x00000000100036d8        0xc CMakeFiles/pico_micro_ros_example.dir/home/rrace001/pico/pico-sdk/src/rp2_common/pico_double/double_init_rom.c.obj
 .text.__aeabi_double_init
                0x00000000100036e4       0x98 CMakeFiles/pico_micro_ros_example.dir/home/rrace001/pico/pico-sdk/src/rp2_common/pico_double/double_init_rom.c.obj
                0x00000000100036e4                __aeabi_double_init
 .text.double_table_shim_on_use_helper
                0x000000001000377c       0x2c CMakeFiles/pico_micro_ros_example.dir/home/rrace001/pico/pico-sdk/src/rp2_common/pico_double/double_v1_rom_shim.S.obj
                0x000000001000377c                double_table_shim_on_use_helper
 .text.__aeabi_lmul
                0x00000000100037a8       0x32 CMakeFiles/pico_micro_ros_example.dir/home/rrace001/pico/pico-sdk/src/rp2_common/pico_int64_ops/pico_int64_ops_aeabi.S.obj
                0x00000000100037a8                __wrap___aeabi_lmul
 *fill*         0x00000000100037da        0x2 
 .text.__wrap___aeabi_farithmetic
                0x00000000100037dc       0x48 CMakeFiles/pico_micro_ros_example.dir/home/rrace001/pico/pico-sdk/src/rp2_common/pico_float/float_aeabi.S.obj
                0x00000000100037dc                __wrap___aeabi_frsub
                0x00000000100037e2                __wrap___aeabi_fsub
                0x00000000100037e8                __wrap___aeabi_fadd
                0x00000000100037ee                __wrap___aeabi_fdiv
                0x0000000010003816                __wrap___aeabi_fmul
 .text.__wrap___aeabi_ui2f
                0x0000000010003824        0xa CMakeFiles/pico_micro_ros_example.dir/home/rrace001/pico/pico-sdk/src/rp2_common/pico_float/float_aeabi.S.obj
                0x0000000010003824                __wrap___aeabi_ui2f
 *fill*         0x000000001000382e        0x2 
 .text.__wrap___aeabi_i2f
                0x0000000010003830       0x44 CMakeFiles/pico_micro_ros_example.dir/home/rrace001/pico/pico-sdk/src/rp2_common/pico_float/float_aeabi.S.obj
                0x0000000010003830                __wrap___aeabi_i2f
 .text.__wrap___aeabi_f2iz
                0x0000000010003874       0x4e CMakeFiles/pico_micro_ros_example.dir/home/rrace001/pico/pico-sdk/src/rp2_common/pico_float/float_aeabi.S.obj
                0x0000000010003874                __wrap___aeabi_f2iz
                0x0000000010003874                float2int_z
 *fill*         0x00000000100038c2        0x2 
 .text.float2int
                0x00000000100038c4        0xc CMakeFiles/pico_micro_ros_example.dir/home/rrace001/pico/pico-sdk/src/rp2_common/pico_float/float_aeabi.S.obj
                0x00000000100038c4                float2int
 .text.__wrap___aeabi_f2uiz
                0x00000000100038d0        0xc CMakeFiles/pico_micro_ros_example.dir/home/rrace001/pico/pico-sdk/src/rp2_common/pico_float/float_aeabi.S.obj
                0x00000000100038d0                __wrap___aeabi_f2uiz
 .text.missing_float_func_shim
                0x00000000100038dc        0xc CMakeFiles/pico_micro_ros_example.dir/home/rrace001/pico/pico-sdk/src/rp2_common/pico_float/float_init_rom.c.obj
 .text.__aeabi_float_init
                0x00000000100038e8       0x5c CMakeFiles/pico_micro_ros_example.dir/home/rrace001/pico/pico-sdk/src/rp2_common/pico_float/float_init_rom.c.obj
                0x00000000100038e8                __aeabi_float_init
 .text.__wrap_malloc
                0x0000000010003944       0x24 CMakeFiles/pico_micro_ros_example.dir/home/rrace001/pico/pico-sdk/src/rp2_common/pico_malloc/pico_malloc.c.obj
                0x0000000010003944                __wrap_malloc
 .text.__wrap_calloc
                0x0000000010003968       0x24 CMakeFiles/pico_micro_ros_example.dir/home/rrace001/pico/pico-sdk/src/rp2_common/pico_malloc/pico_malloc.c.obj
                0x0000000010003968                __wrap_calloc
 .text.__wrap_realloc
                0x000000001000398c       0x24 CMakeFiles/pico_micro_ros_example.dir/home/rrace001/pico/pico-sdk/src/rp2_common/pico_malloc/pico_malloc.c.obj
                0x000000001000398c                __wrap_realloc
 .text.__wrap_free
                0x00000000100039b0        0x8 CMakeFiles/pico_micro_ros_example.dir/home/rrace001/pico/pico-sdk/src/rp2_common/pico_malloc/pico_malloc.c.obj
                0x00000000100039b0                __wrap_free
 .text          0x00000000100039b8       0x10 CMakeFiles/pico_micro_ros_example.dir/home/rrace001/pico/pico-sdk/src/rp2_common/pico_mem_ops/mem_ops_aeabi.S.obj
                0x00000000100039b8                __aeabi_mem_init
 .text.memset   0x00000000100039c8        0xc CMakeFiles/pico_micro_ros_example.dir/home/rrace001/pico/pico-sdk/src/rp2_common/pico_mem_ops/mem_ops_aeabi.S.obj
                0x00000000100039c8                __wrap_memset
 .text.memcpy   0x00000000100039d4        0xc CMakeFiles/pico_micro_ros_example.dir/home/rrace001/pico/pico-sdk/src/rp2_common/pico_mem_ops/mem_ops_aeabi.S.obj
                0x00000000100039d4                __wrap___aeabi_memcpy
                0x00000000100039d4                __wrap_memcpy
 .text.stdio_out_chars_no_crlf
                0x00000000100039e0       0x10 CMakeFiles/pico_micro_ros_example.dir/home/rrace001/pico/pico-sdk/src/rp2_common/pico_stdio/stdio.c.obj
 .text.stdio_buffered_printer
                0x00000000100039f0       0x60 CMakeFiles/pico_micro_ros_example.dir/home/rrace001/pico/pico-sdk/src/rp2_common/pico_stdio/stdio.c.obj
 .text.stdio_out_chars_crlf
                0x0000000010003a50       0x10 CMakeFiles/pico_micro_ros_example.dir/home/rrace001/pico/pico-sdk/src/rp2_common/pico_stdio/stdio.c.obj
 .text.stdio_put_string.isra.0
                0x0000000010003a60       0xfc CMakeFiles/pico_micro_ros_example.dir/home/rrace001/pico/pico-sdk/src/rp2_common/pico_stdio/stdio.c.obj
 .text.__wrap_putchar
                0x0000000010003b5c       0x98 CMakeFiles/pico_micro_ros_example.dir/home/rrace001/pico/pico-sdk/src/rp2_common/pico_stdio/stdio.c.obj
                0x0000000010003b5c                __wrap_putchar
 .text.__wrap_puts
                0x0000000010003bf4       0x3c CMakeFiles/pico_micro_ros_example.dir/home/rrace001/pico/pico-sdk/src/rp2_common/pico_stdio/stdio.c.obj
                0x0000000010003bf4                __wrap_puts
 .text.__wrap_vprintf
                0x0000000010003c30       0xd4 CMakeFiles/pico_micro_ros_example.dir/home/rrace001/pico/pico-sdk/src/rp2_common/pico_stdio/stdio.c.obj
                0x0000000010003c30                __wrap_vprintf
 .text.__wrap_printf
                0x0000000010003d04       0x18 CMakeFiles/pico_micro_ros_example.dir/home/rrace001/pico/pico-sdk/src/rp2_common/pico_stdio/stdio.c.obj
                0x0000000010003d04                __wrap_printf
 .text.startup._retrieve_unique_id_on_boot
                0x0000000010003d1c       0x10 CMakeFiles/pico_micro_ros_example.dir/home/rrace001/pico/pico-sdk/src/rp2_common/pico_unique_id/unique_id.c.obj
 .text.flash_get_unique_id
                0x0000000010003d2c       0x40 CMakeFiles/pico_micro_ros_example.dir/home/rrace001/pico/pico-sdk/src/rp2_common/hardware_flash/flash.c.obj
                0x0000000010003d2c                flash_get_unique_id
 .text.rcl_get_zero_initialized_publisher
                0x0000000010003d6c        0xc /home/rrace001/pico/micro_ros_raspberrypi_pico_sdk/libmicroros/libmicroros.a(librcl-publisher.c.obj)
                0x0000000010003d6c                rcl_get_zero_initialized_publisher
 .text.rcl_publisher_init
                0x0000000010003d78      0x13c /home/rrace001/pico/micro_ros_raspberrypi_pico_sdk/libmicroros/libmicroros.a(librcl-publisher.c.obj)
                0x0000000010003d78                rcl_publisher_init
 .text.rcl_publisher_get_default_options
                0x0000000010003eb4       0x7c /home/rrace001/pico/micro_ros_raspberrypi_pico_sdk/libmicroros/libmicroros.a(librcl-publisher.c.obj)
                0x0000000010003eb4                rcl_publisher_get_default_options
 .text.rcl_publish
                0x0000000010003f30       0x4c /home/rrace001/pico/micro_ros_raspberrypi_pico_sdk/libmicroros/libmicroros.a(librcl-publisher.c.obj)
                0x0000000010003f30                rcl_publish
 .text.rcl_publisher_is_valid
                0x0000000010003f7c       0x30 /home/rrace001/pico/micro_ros_raspberrypi_pico_sdk/libmicroros/libmicroros.a(librcl-publisher.c.obj)
                0x0000000010003f7c                rcl_publisher_is_valid
 .text.rcl_publisher_is_valid_except_context
                0x0000000010003fac       0x1c /home/rrace001/pico/micro_ros_raspberrypi_pico_sdk/libmicroros/libmicroros.a(librcl-publisher.c.obj)
                0x0000000010003fac                rcl_publisher_is_valid_except_context
 .text._rclc_check_for_new_data
                0x0000000010003fc8       0x90 /home/rrace001/pico/micro_ros_raspberrypi_pico_sdk/libmicroros/libmicroros.a(librclc-executor.c.obj)
 .text._rclc_take_new_data
                0x0000000010004058      0x2c8 /home/rrace001/pico/micro_ros_raspberrypi_pico_sdk/libmicroros/libmicroros.a(librclc-executor.c.obj)
 .text._rclc_execute.part.0
                0x0000000010004320      0x29c /home/rrace001/pico/micro_ros_raspberrypi_pico_sdk/libmicroros/libmicroros.a(librclc-executor.c.obj)
 .text.rclc_executor_trigger_any
                0x00000000100045bc       0x7c /home/rrace001/pico/micro_ros_raspberrypi_pico_sdk/libmicroros/libmicroros.a(librclc-executor.c.obj)
                0x00000000100045bc                rclc_executor_trigger_any
 .text.rclc_executor_init
                0x0000000010004638       0xc4 /home/rrace001/pico/micro_ros_raspberrypi_pico_sdk/libmicroros/libmicroros.a(librclc-executor.c.obj)
                0x0000000010004638                rclc_executor_init
 .text.rclc_executor_add_timer
                0x00000000100046fc       0x58 /home/rrace001/pico/micro_ros_raspberrypi_pico_sdk/libmicroros/libmicroros.a(librclc-executor.c.obj)
                0x00000000100046fc                rclc_executor_add_timer
 .text.rclc_executor_prepare
                0x0000000010004754       0x88 /home/rrace001/pico/micro_ros_raspberrypi_pico_sdk/libmicroros/libmicroros.a(librclc-executor.c.obj)
                0x0000000010004754                rclc_executor_prepare
 .text.rclc_executor_spin_some.part.0
                0x00000000100047dc      0x384 /home/rrace001/pico/micro_ros_raspberrypi_pico_sdk/libmicroros/libmicroros.a(librclc-executor.c.obj)
 .text.rclc_executor_spin_some
                0x0000000010004b60       0x30 /home/rrace001/pico/micro_ros_raspberrypi_pico_sdk/libmicroros/libmicroros.a(librclc-executor.c.obj)
                0x0000000010004b60                rclc_executor_spin_some
 .text.rclc_executor_handle_counters_zero_init
                0x0000000010004b90       0x18 /home/rrace001/pico/micro_ros_raspberrypi_pico_sdk/libmicroros/libmicroros.a(librclc-executor_handle.c.obj)
                0x0000000010004b90                rclc_executor_handle_counters_zero_init
 .text.rclc_executor_handle_init
                0x0000000010004ba8       0x28 /home/rrace001/pico/micro_ros_raspberrypi_pico_sdk/libmicroros/libmicroros.a(librclc-executor_handle.c.obj)
                0x0000000010004ba8                rclc_executor_handle_init
 .text.rclc_support_init
                0x0000000010004bd0       0x94 /home/rrace001/pico/micro_ros_raspberrypi_pico_sdk/libmicroros/libmicroros.a(librclc-init.c.obj)
                0x0000000010004bd0                rclc_support_init
 .text.rclc_node_init_default
                0x0000000010004c64       0x74 /home/rrace001/pico/micro_ros_raspberrypi_pico_sdk/libmicroros/libmicroros.a(librclc-node.c.obj)
                0x0000000010004c64                rclc_node_init_default
 .text.rclc_publisher_init_default
                0x0000000010004cd8       0x68 /home/rrace001/pico/micro_ros_raspberrypi_pico_sdk/libmicroros/libmicroros.a(librclc-publisher.c.obj)
                0x0000000010004cd8                rclc_publisher_init_default
 .text.rclc_timer_init_default
                0x0000000010004d40       0x60 /home/rrace001/pico/micro_ros_raspberrypi_pico_sdk/libmicroros/libmicroros.a(librclc-timer.c.obj)
                0x0000000010004d40                rclc_timer_init_default
 .text.__default_zero_allocate
                0x0000000010004da0        0x8 /home/rrace001/pico/micro_ros_raspberrypi_pico_sdk/libmicroros/libmicroros.a(librcutils-allocator.c.obj)
 .text.__default_reallocate
                0x0000000010004da8        0x8 /home/rrace001/pico/micro_ros_raspberrypi_pico_sdk/libmicroros/libmicroros.a(librcutils-allocator.c.obj)
 .text.__default_deallocate
                0x0000000010004db0        0x8 /home/rrace001/pico/micro_ros_raspberrypi_pico_sdk/libmicroros/libmicroros.a(librcutils-allocator.c.obj)
 .text.__default_allocate
                0x0000000010004db8        0x8 /home/rrace001/pico/micro_ros_raspberrypi_pico_sdk/libmicroros/libmicroros.a(librcutils-allocator.c.obj)
 .text.rcutils_get_zero_initialized_allocator
                0x0000000010004dc0       0x14 /home/rrace001/pico/micro_ros_raspberrypi_pico_sdk/libmicroros/libmicroros.a(librcutils-allocator.c.obj)
                0x0000000010004dc0                rcutils_get_zero_initialized_allocator
 .text.rcutils_get_default_allocator
                0x0000000010004dd4       0x14 /home/rrace001/pico/micro_ros_raspberrypi_pico_sdk/libmicroros/libmicroros.a(librcutils-allocator.c.obj)
                0x0000000010004dd4                rcutils_get_default_allocator
 .text.rcutils_allocator_is_valid
                0x0000000010004de8       0x24 /home/rrace001/pico/micro_ros_raspberrypi_pico_sdk/libmicroros/libmicroros.a(librcutils-allocator.c.obj)
                0x0000000010004de8                rcutils_allocator_is_valid
 .text.rcutils_get_error_string
                0x0000000010004e0c       0x34 /home/rrace001/pico/micro_ros_raspberrypi_pico_sdk/libmicroros/libmicroros.a(librcutils-error_handling.c.obj)
                0x0000000010004e0c                rcutils_get_error_string
 .text.rcutils_reset_error
                0x0000000010004e40       0x38 /home/rrace001/pico/micro_ros_raspberrypi_pico_sdk/libmicroros/libmicroros.a(librcutils-error_handling.c.obj)
                0x0000000010004e40                rcutils_reset_error
 .text.rcutils_system_time_now
                0x0000000010004e78       0x58 /home/rrace001/pico/micro_ros_raspberrypi_pico_sdk/libmicroros/libmicroros.a(librcutils-time_unix.c.obj)
                0x0000000010004e78                rcutils_system_time_now
 .text.rcutils_steady_time_now
                0x0000000010004ed0       0x58 /home/rrace001/pico/micro_ros_raspberrypi_pico_sdk/libmicroros/libmicroros.a(librcutils-time_unix.c.obj)
                0x0000000010004ed0                rcutils_steady_time_now
 .text.rmw_get_default_publisher_options
                0x0000000010004f28        0x8 /home/rrace001/pico/micro_ros_raspberrypi_pico_sdk/libmicroros/libmicroros.a(librmw-publisher_options.c.obj)
                0x0000000010004f28                rmw_get_default_publisher_options
 .text.rmw_uros_ping_agent
                0x0000000010004f30       0xa0 /home/rrace001/pico/micro_ros_raspberrypi_pico_sdk/libmicroros/libmicroros.a(librmw_microxrcedds-ping.c.obj)
                0x0000000010004f30                rmw_uros_ping_agent
 .text.flush_session
                0x0000000010004fd0        0xc /home/rrace001/pico/micro_ros_raspberrypi_pico_sdk/libmicroros/libmicroros.a(librmw_microxrcedds-rmw_publish.c.obj)
                0x0000000010004fd0                flush_session
 .text.rmw_publish
                0x0000000010004fdc       0xd8 /home/rrace001/pico/micro_ros_raspberrypi_pico_sdk/libmicroros/libmicroros.a(librmw_microxrcedds-rmw_publish.c.obj)
                0x0000000010004fdc                rmw_publish
 .text.rmw_create_publisher
                0x00000000100050b4      0x20c /home/rrace001/pico/micro_ros_raspberrypi_pico_sdk/libmicroros/libmicroros.a(librmw_microxrcedds-rmw_publisher.c.obj)
                0x00000000100050b4                rmw_create_publisher
 .text.rmw_publisher_get_actual_qos
                0x00000000100052c0       0x20 /home/rrace001/pico/micro_ros_raspberrypi_pico_sdk/libmicroros/libmicroros.a(librmw_microxrcedds-rmw_publisher.c.obj)
                0x00000000100052c0                rmw_publisher_get_actual_qos
 .text.rmw_destroy_publisher
                0x00000000100052e0       0xf4 /home/rrace001/pico/micro_ros_raspberrypi_pico_sdk/libmicroros/libmicroros.a(librmw_microxrcedds-rmw_publisher.c.obj)
                0x00000000100052e0                rmw_destroy_publisher
 .text.rmw_uxrce_transport_init
                0x00000000100053d4       0x2c /home/rrace001/pico/micro_ros_raspberrypi_pico_sdk/libmicroros/libmicroros.a(librmw_microxrcedds-rmw_uxrce_transports.c.obj)
                0x00000000100053d4                rmw_uxrce_transport_init
 .text.rmw_uxrce_init_service_memory
                0x0000000010005400       0x48 /home/rrace001/pico/micro_ros_raspberrypi_pico_sdk/libmicroros/libmicroros.a(librmw_microxrcedds-types.c.obj)
                0x0000000010005400                rmw_uxrce_init_service_memory
 .text.rmw_uxrce_init_client_memory
                0x0000000010005448       0x48 /home/rrace001/pico/micro_ros_raspberrypi_pico_sdk/libmicroros/libmicroros.a(librmw_microxrcedds-types.c.obj)
                0x0000000010005448                rmw_uxrce_init_client_memory
 .text.rmw_uxrce_init_publisher_memory
                0x0000000010005490       0x48 /home/rrace001/pico/micro_ros_raspberrypi_pico_sdk/libmicroros/libmicroros.a(librmw_microxrcedds-types.c.obj)
                0x0000000010005490                rmw_uxrce_init_publisher_memory
 .text.rmw_uxrce_init_subscription_memory
                0x00000000100054d8       0x48 /home/rrace001/pico/micro_ros_raspberrypi_pico_sdk/libmicroros/libmicroros.a(librmw_microxrcedds-types.c.obj)
                0x00000000100054d8                rmw_uxrce_init_subscription_memory
 .text.rmw_uxrce_init_node_memory
                0x0000000010005520       0x48 /home/rrace001/pico/micro_ros_raspberrypi_pico_sdk/libmicroros/libmicroros.a(librmw_microxrcedds-types.c.obj)
                0x0000000010005520                rmw_uxrce_init_node_memory
 .text.rmw_uxrce_init_session_memory
                0x0000000010005568       0x50 /home/rrace001/pico/micro_ros_raspberrypi_pico_sdk/libmicroros/libmicroros.a(librmw_microxrcedds-types.c.obj)
                0x0000000010005568                rmw_uxrce_init_session_memory
 .text.rmw_uxrce_init_topic_memory
                0x00000000100055b8       0x48 /home/rrace001/pico/micro_ros_raspberrypi_pico_sdk/libmicroros/libmicroros.a(librmw_microxrcedds-types.c.obj)
                0x00000000100055b8                rmw_uxrce_init_topic_memory
 .text.rmw_uxrce_init_static_input_buffer_memory
                0x0000000010005600       0x50 /home/rrace001/pico/micro_ros_raspberrypi_pico_sdk/libmicroros/libmicroros.a(librmw_microxrcedds-types.c.obj)
                0x0000000010005600                rmw_uxrce_init_static_input_buffer_memory
 .text.rmw_uxrce_init_init_options_impl_memory
                0x0000000010005650       0x48 /home/rrace001/pico/micro_ros_raspberrypi_pico_sdk/libmicroros/libmicroros.a(librmw_microxrcedds-types.c.obj)
                0x0000000010005650                rmw_uxrce_init_init_options_impl_memory
 .text.rmw_uxrce_init_wait_set_memory
                0x0000000010005698       0x48 /home/rrace001/pico/micro_ros_raspberrypi_pico_sdk/libmicroros/libmicroros.a(librmw_microxrcedds-types.c.obj)
                0x0000000010005698                rmw_uxrce_init_wait_set_memory
 .text.rmw_uxrce_init_guard_condition_memory
                0x00000000100056e0       0x48 /home/rrace001/pico/micro_ros_raspberrypi_pico_sdk/libmicroros/libmicroros.a(librmw_microxrcedds-types.c.obj)
                0x00000000100056e0                rmw_uxrce_init_guard_condition_memory
 .text.rmw_uxrce_fini_session_memory
                0x0000000010005728       0x10 /home/rrace001/pico/micro_ros_raspberrypi_pico_sdk/libmicroros/libmicroros.a(librmw_microxrcedds-types.c.obj)
                0x0000000010005728                rmw_uxrce_fini_session_memory
 .text.rmw_uxrce_fini_node_memory
                0x0000000010005738       0x34 /home/rrace001/pico/micro_ros_raspberrypi_pico_sdk/libmicroros/libmicroros.a(librmw_microxrcedds-types.c.obj)
                0x0000000010005738                rmw_uxrce_fini_node_memory
 .text.rmw_uxrce_fini_publisher_memory
                0x000000001000576c       0x34 /home/rrace001/pico/micro_ros_raspberrypi_pico_sdk/libmicroros/libmicroros.a(librmw_microxrcedds-types.c.obj)
                0x000000001000576c                rmw_uxrce_fini_publisher_memory
 .text.rmw_uxrce_fini_subscription_memory
                0x00000000100057a0       0x34 /home/rrace001/pico/micro_ros_raspberrypi_pico_sdk/libmicroros/libmicroros.a(librmw_microxrcedds-types.c.obj)
                0x00000000100057a0                rmw_uxrce_fini_subscription_memory
 .text.rmw_uxrce_fini_service_memory
                0x00000000100057d4       0x34 /home/rrace001/pico/micro_ros_raspberrypi_pico_sdk/libmicroros/libmicroros.a(librmw_microxrcedds-types.c.obj)
                0x00000000100057d4                rmw_uxrce_fini_service_memory
 .text.rmw_uxrce_fini_client_memory
                0x0000000010005808       0x34 /home/rrace001/pico/micro_ros_raspberrypi_pico_sdk/libmicroros/libmicroros.a(librmw_microxrcedds-types.c.obj)
                0x0000000010005808                rmw_uxrce_fini_client_memory
 .text.rmw_uxrce_fini_topic_memory
                0x000000001000583c       0x18 /home/rrace001/pico/micro_ros_raspberrypi_pico_sdk/libmicroros/libmicroros.a(librmw_microxrcedds-types.c.obj)
                0x000000001000583c                rmw_uxrce_fini_topic_memory
 .text.rmw_uxrce_get_static_input_buffer_for_entity
                0x0000000010005854       0xbc /home/rrace001/pico/micro_ros_raspberrypi_pico_sdk/libmicroros/libmicroros.a(librmw_microxrcedds-types.c.obj)
                0x0000000010005854                rmw_uxrce_get_static_input_buffer_for_entity
 .text.rmw_uxrce_find_static_input_buffer_by_owner
                0x0000000010005910       0x5c /home/rrace001/pico/micro_ros_raspberrypi_pico_sdk/libmicroros/libmicroros.a(librmw_microxrcedds-types.c.obj)
                0x0000000010005910                rmw_uxrce_find_static_input_buffer_by_owner
 .text.rmw_uxrce_clean_expired_static_input_buffer
                0x000000001000596c       0xfc /home/rrace001/pico/micro_ros_raspberrypi_pico_sdk/libmicroros/libmicroros.a(librmw_microxrcedds-types.c.obj)
                0x000000001000596c                rmw_uxrce_clean_expired_static_input_buffer
 .text.run_xrce_session
                0x0000000010005a68       0x40 /home/rrace001/pico/micro_ros_raspberrypi_pico_sdk/libmicroros/libmicroros.a(librmw_microxrcedds-utils.c.obj)
                0x0000000010005a68                run_xrce_session
 .text.convert_qos_profile
                0x0000000010005aa8       0x2c /home/rrace001/pico/micro_ros_raspberrypi_pico_sdk/libmicroros/libmicroros.a(librmw_microxrcedds-utils.c.obj)
                0x0000000010005aa8                convert_qos_profile
 .text.generate_type_name
                0x0000000010005ad4       0x68 /home/rrace001/pico/micro_ros_raspberrypi_pico_sdk/libmicroros/libmicroros.a(librmw_microxrcedds-utils.c.obj)
                0x0000000010005ad4                generate_type_name
 .text.generate_topic_name
                0x0000000010005b3c       0x38 /home/rrace001/pico/micro_ros_raspberrypi_pico_sdk/libmicroros/libmicroros.a(librmw_microxrcedds-utils.c.obj)
                0x0000000010005b3c                generate_topic_name
 .text.is_uxrce_rmw_identifier_valid
                0x0000000010005b74       0x20 /home/rrace001/pico/micro_ros_raspberrypi_pico_sdk/libmicroros/libmicroros.a(librmw_microxrcedds-utils.c.obj)
                0x0000000010005b74                is_uxrce_rmw_identifier_valid
 .text.get_message_typesupport_handle
                0x0000000010005b94        0x8 /home/rrace001/pico/micro_ros_raspberrypi_pico_sdk/libmicroros/libmicroros.a(librosidl_runtime_c-message_type_support.c.obj)
                0x0000000010005b94                get_message_typesupport_handle
 .text.get_message_typesupport_handle_function
                0x0000000010005b9c       0x18 /home/rrace001/pico/micro_ros_raspberrypi_pico_sdk/libmicroros/libmicroros.a(librosidl_runtime_c-message_type_support.c.obj)
                0x0000000010005b9c                get_message_typesupport_handle_function
 .text.rosidl_typesupport_c__get_message_type_support_handle__std_msgs__msg__Int32
                0x0000000010005bb4       0x1c /home/rrace001/pico/micro_ros_raspberrypi_pico_sdk/libmicroros/libmicroros.a(libstd_msgs__rosidl_typesupport_c-int32__type_support.cpp.obj)
                0x0000000010005bb4                rosidl_typesupport_c__get_message_type_support_handle__std_msgs__msg__Int32
 .text.startup._GLOBAL__sub_I_rosidl_typesupport_c__get_message_type_support_handle__std_msgs__msg__Int32
                0x0000000010005bd0       0x14 /home/rrace001/pico/micro_ros_raspberrypi_pico_sdk/libmicroros/libmicroros.a(libstd_msgs__rosidl_typesupport_c-int32__type_support.cpp.obj)
 .text.std_msgs__msg__Int32__rosidl_typesupport_introspection_c__Int32_init_function
                0x0000000010005be4        0x8 /home/rrace001/pico/micro_ros_raspberrypi_pico_sdk/libmicroros/libmicroros.a(libstd_msgs__rosidl_typesupport_introspection_c-int32__type_support.c.obj)
                0x0000000010005be4                std_msgs__msg__Int32__rosidl_typesupport_introspection_c__Int32_init_function
 .text.std_msgs__msg__Int32__rosidl_typesupport_introspection_c__Int32_fini_function
                0x0000000010005bec        0x8 /home/rrace001/pico/micro_ros_raspberrypi_pico_sdk/libmicroros/libmicroros.a(libstd_msgs__rosidl_typesupport_introspection_c-int32__type_support.c.obj)
                0x0000000010005bec                std_msgs__msg__Int32__rosidl_typesupport_introspection_c__Int32_fini_function
 .text.rosidl_typesupport_introspection_c__get_message_type_support_handle__std_msgs__msg__Int32
                0x0000000010005bf4       0x1c /home/rrace001/pico/micro_ros_raspberrypi_pico_sdk/libmicroros/libmicroros.a(libstd_msgs__rosidl_typesupport_introspection_c-int32__type_support.c.obj)
                0x0000000010005bf4                rosidl_typesupport_introspection_c__get_message_type_support_handle__std_msgs__msg__Int32
 .text._Int32__max_serialized_size
                0x0000000010005c10       0x10 /home/rrace001/pico/micro_ros_raspberrypi_pico_sdk/libmicroros/libmicroros.a(libstd_msgs__rosidl_typesupport_microxrcedds_c-int32__type_support_c.c.obj)
 .text._Int32__cdr_deserialize
                0x0000000010005c20       0x10 /home/rrace001/pico/micro_ros_raspberrypi_pico_sdk/libmicroros/libmicroros.a(libstd_msgs__rosidl_typesupport_microxrcedds_c-int32__type_support_c.c.obj)
 .text.get_serialized_size_std_msgs__msg__Int32
                0x0000000010005c30       0x18 /home/rrace001/pico/micro_ros_raspberrypi_pico_sdk/libmicroros/libmicroros.a(libstd_msgs__rosidl_typesupport_microxrcedds_c-int32__type_support_c.c.obj)
                0x0000000010005c30                get_serialized_size_std_msgs__msg__Int32
 .text._Int32__cdr_serialize
                0x0000000010005c48       0x18 /home/rrace001/pico/micro_ros_raspberrypi_pico_sdk/libmicroros/libmicroros.a(libstd_msgs__rosidl_typesupport_microxrcedds_c-int32__type_support_c.c.obj)
 .text._Int32__get_serialized_size
                0x0000000010005c60       0x18 /home/rrace001/pico/micro_ros_raspberrypi_pico_sdk/libmicroros/libmicroros.a(libstd_msgs__rosidl_typesupport_microxrcedds_c-int32__type_support_c.c.obj)
 .text.rosidl_typesupport_microxrcedds_c__get_message_type_support_handle__std_msgs__msg__Int32
                0x0000000010005c78        0x8 /home/rrace001/pico/micro_ros_raspberrypi_pico_sdk/libmicroros/libmicroros.a(libstd_msgs__rosidl_typesupport_microxrcedds_c-int32__type_support_c.c.obj)
                0x0000000010005c78                rosidl_typesupport_microxrcedds_c__get_message_type_support_handle__std_msgs__msg__Int32
 .text.ucdr_serialize_bool
                0x0000000010005c80       0x2c /home/rrace001/pico/micro_ros_raspberrypi_pico_sdk/libmicroros/libmicroros.a(libmicrocdr-basic.c.obj)
                0x0000000010005c80                ucdr_serialize_bool
 .text.ucdr_deserialize_bool
                0x0000000010005cac       0x30 /home/rrace001/pico/micro_ros_raspberrypi_pico_sdk/libmicroros/libmicroros.a(libmicrocdr-basic.c.obj)
                0x0000000010005cac                ucdr_deserialize_bool
 .text.ucdr_serialize_uint8_t
                0x0000000010005cdc       0x2c /home/rrace001/pico/micro_ros_raspberrypi_pico_sdk/libmicroros/libmicroros.a(libmicrocdr-basic.c.obj)
                0x0000000010005cdc                ucdr_serialize_uint8_t
 .text.ucdr_deserialize_uint8_t
                0x0000000010005d08       0x30 /home/rrace001/pico/micro_ros_raspberrypi_pico_sdk/libmicroros/libmicroros.a(libmicrocdr-basic.c.obj)
                0x0000000010005d08                ucdr_deserialize_uint8_t
 .text.ucdr_serialize_uint16_t
                0x0000000010005d38       0xf4 /home/rrace001/pico/micro_ros_raspberrypi_pico_sdk/libmicroros/libmicroros.a(libmicrocdr-basic.c.obj)
                0x0000000010005d38                ucdr_serialize_uint16_t
 .text.ucdr_serialize_endian_uint16_t
                0x0000000010005e2c      0x100 /home/rrace001/pico/micro_ros_raspberrypi_pico_sdk/libmicroros/libmicroros.a(libmicrocdr-basic.c.obj)
                0x0000000010005e2c                ucdr_serialize_endian_uint16_t
 .text.ucdr_deserialize_uint16_t
                0x0000000010005f2c       0xec /home/rrace001/pico/micro_ros_raspberrypi_pico_sdk/libmicroros/libmicroros.a(libmicrocdr-basic.c.obj)
                0x0000000010005f2c                ucdr_deserialize_uint16_t
 .text.ucdr_deserialize_endian_uint16_t
                0x0000000010006018       0xf8 /home/rrace001/pico/micro_ros_raspberrypi_pico_sdk/libmicroros/libmicroros.a(libmicrocdr-basic.c.obj)
                0x0000000010006018                ucdr_deserialize_endian_uint16_t
 .text.ucdr_serialize_uint32_t
                0x0000000010006110      0x11c /home/rrace001/pico/micro_ros_raspberrypi_pico_sdk/libmicroros/libmicroros.a(libmicrocdr-basic.c.obj)
                0x0000000010006110                ucdr_serialize_uint32_t
 .text.ucdr_serialize_endian_uint32_t
                0x000000001000622c      0x11c /home/rrace001/pico/micro_ros_raspberrypi_pico_sdk/libmicroros/libmicroros.a(libmicrocdr-basic.c.obj)
                0x000000001000622c                ucdr_serialize_endian_uint32_t
 .text.ucdr_deserialize_uint32_t
                0x0000000010006348      0x11c /home/rrace001/pico/micro_ros_raspberrypi_pico_sdk/libmicroros/libmicroros.a(libmicrocdr-basic.c.obj)
                0x0000000010006348                ucdr_deserialize_uint32_t
 .text.ucdr_deserialize_endian_uint32_t
                0x0000000010006464      0x12c /home/rrace001/pico/micro_ros_raspberrypi_pico_sdk/libmicroros/libmicroros.a(libmicrocdr-basic.c.obj)
                0x0000000010006464                ucdr_deserialize_endian_uint32_t
 .text.ucdr_serialize_uint64_t
                0x0000000010006590      0x170 /home/rrace001/pico/micro_ros_raspberrypi_pico_sdk/libmicroros/libmicroros.a(libmicrocdr-basic.c.obj)
                0x0000000010006590                ucdr_serialize_uint64_t
 .text.ucdr_serialize_int16_t
                0x0000000010006700       0xf4 /home/rrace001/pico/micro_ros_raspberrypi_pico_sdk/libmicroros/libmicroros.a(libmicrocdr-basic.c.obj)
                0x0000000010006700                ucdr_serialize_int16_t
 .text.ucdr_deserialize_int16_t
                0x00000000100067f4       0xec /home/rrace001/pico/micro_ros_raspberrypi_pico_sdk/libmicroros/libmicroros.a(libmicrocdr-basic.c.obj)
                0x00000000100067f4                ucdr_deserialize_int16_t
 .text.ucdr_serialize_int32_t
                0x00000000100068e0      0x11c /home/rrace001/pico/micro_ros_raspberrypi_pico_sdk/libmicroros/libmicroros.a(libmicrocdr-basic.c.obj)
                0x00000000100068e0                ucdr_serialize_int32_t
 .text.ucdr_deserialize_int32_t
                0x00000000100069fc      0x11c /home/rrace001/pico/micro_ros_raspberrypi_pico_sdk/libmicroros/libmicroros.a(libmicrocdr-basic.c.obj)
                0x00000000100069fc                ucdr_deserialize_int32_t
 .text.ucdr_check_buffer_available_for
                0x0000000010006b18       0x1c /home/rrace001/pico/micro_ros_raspberrypi_pico_sdk/libmicroros/libmicroros.a(libmicrocdr-common.c.obj)
                0x0000000010006b18                ucdr_check_buffer_available_for
 .text.ucdr_check_final_buffer_behavior
                0x0000000010006b34       0x38 /home/rrace001/pico/micro_ros_raspberrypi_pico_sdk/libmicroros/libmicroros.a(libmicrocdr-common.c.obj)
                0x0000000010006b34                ucdr_check_final_buffer_behavior
 .text.ucdr_set_on_full_buffer_callback
                0x0000000010006b6c        0x8 /home/rrace001/pico/micro_ros_raspberrypi_pico_sdk/libmicroros/libmicroros.a(libmicrocdr-common.c.obj)
                0x0000000010006b6c                ucdr_set_on_full_buffer_callback
 .text.ucdr_init_buffer_origin_offset_endian
                0x0000000010006b74       0x28 /home/rrace001/pico/micro_ros_raspberrypi_pico_sdk/libmicroros/libmicroros.a(libmicrocdr-common.c.obj)
                0x0000000010006b74                ucdr_init_buffer_origin_offset_endian
 .text.ucdr_init_buffer_origin_offset
                0x0000000010006b9c       0x14 /home/rrace001/pico/micro_ros_raspberrypi_pico_sdk/libmicroros/libmicroros.a(libmicrocdr-common.c.obj)
                0x0000000010006b9c                ucdr_init_buffer_origin_offset
 .text.ucdr_init_buffer_origin
                0x0000000010006bb0       0x10 /home/rrace001/pico/micro_ros_raspberrypi_pico_sdk/libmicroros/libmicroros.a(libmicrocdr-common.c.obj)
                0x0000000010006bb0                ucdr_init_buffer_origin
 .text.ucdr_init_buffer
                0x0000000010006bc0        0xc /home/rrace001/pico/micro_ros_raspberrypi_pico_sdk/libmicroros/libmicroros.a(libmicrocdr-common.c.obj)
                0x0000000010006bc0                ucdr_init_buffer
 .text.ucdr_alignment
                0x0000000010006bcc       0x10 /home/rrace001/pico/micro_ros_raspberrypi_pico_sdk/libmicroros/libmicroros.a(libmicrocdr-common.c.obj)
                0x0000000010006bcc                ucdr_alignment
 .text.ucdr_buffer_alignment
                0x0000000010006bdc       0x1c /home/rrace001/pico/micro_ros_raspberrypi_pico_sdk/libmicroros/libmicroros.a(libmicrocdr-common.c.obj)
                0x0000000010006bdc                ucdr_buffer_alignment
 .text.ucdr_align_to
                0x0000000010006bf8       0x24 /home/rrace001/pico/micro_ros_raspberrypi_pico_sdk/libmicroros/libmicroros.a(libmicrocdr-common.c.obj)
                0x0000000010006bf8                ucdr_align_to
 .text.ucdr_buffer_length
                0x0000000010006c1c        0x8 /home/rrace001/pico/micro_ros_raspberrypi_pico_sdk/libmicroros/libmicroros.a(libmicrocdr-common.c.obj)
                0x0000000010006c1c                ucdr_buffer_length
 .text.ucdr_buffer_remaining
                0x0000000010006c24        0x8 /home/rrace001/pico/micro_ros_raspberrypi_pico_sdk/libmicroros/libmicroros.a(libmicrocdr-common.c.obj)
                0x0000000010006c24                ucdr_buffer_remaining
 .text.ucdr_check_final_buffer_behavior_array
                0x0000000010006c2c       0x44 /home/rrace001/pico/micro_ros_raspberrypi_pico_sdk/libmicroros/libmicroros.a(libmicrocdr-common.c.obj)
                0x0000000010006c2c                ucdr_check_final_buffer_behavior_array
 .text.ucdr_advance_buffer
                0x0000000010006c70       0x44 /home/rrace001/pico/micro_ros_raspberrypi_pico_sdk/libmicroros/libmicroros.a(libmicrocdr-common.c.obj)
                0x0000000010006c70                ucdr_advance_buffer
 .text.uxr_buffer_delete_entity
                0x0000000010006cb4       0x40 /home/rrace001/pico/micro_ros_raspberrypi_pico_sdk/libmicroros/libmicroros.a(libmicroxrcedds_client-common_create_entities.c.obj)
                0x0000000010006cb4                uxr_buffer_delete_entity
 .text.uxr_common_create_entity
                0x0000000010006cf4       0x54 /home/rrace001/pico/micro_ros_raspberrypi_pico_sdk/libmicroros/libmicroros.a(libmicroxrcedds_client-common_create_entities.c.obj)
                0x0000000010006cf4                uxr_common_create_entity
 .text.uxr_buffer_create_participant_bin
                0x0000000010006d48       0x68 /home/rrace001/pico/micro_ros_raspberrypi_pico_sdk/libmicroros/libmicroros.a(libmicroxrcedds_client-create_entities_bin.c.obj)
                0x0000000010006d48                uxr_buffer_create_participant_bin
 .text.uxr_buffer_create_topic_bin
                0x0000000010006db0       0x70 /home/rrace001/pico/micro_ros_raspberrypi_pico_sdk/libmicroros/libmicroros.a(libmicroxrcedds_client-create_entities_bin.c.obj)
                0x0000000010006db0                uxr_buffer_create_topic_bin
 .text.uxr_buffer_create_publisher_bin
                0x0000000010006e20       0x70 /home/rrace001/pico/micro_ros_raspberrypi_pico_sdk/libmicroros/libmicroros.a(libmicroxrcedds_client-create_entities_bin.c.obj)
                0x0000000010006e20                uxr_buffer_create_publisher_bin
 .text.uxr_buffer_create_datawriter_bin
                0x0000000010006e90      0x100 /home/rrace001/pico/micro_ros_raspberrypi_pico_sdk/libmicroros/libmicroros.a(libmicroxrcedds_client-create_entities_bin.c.obj)
                0x0000000010006e90                uxr_buffer_create_datawriter_bin
 .text.get_custom_error
                0x0000000010006f90        0xc /home/rrace001/pico/micro_ros_raspberrypi_pico_sdk/libmicroros/libmicroros.a(libmicroxrcedds_client-custom_transport.c.obj)
 .text.recv_custom_msg
                0x0000000010006f9c       0xb4 /home/rrace001/pico/micro_ros_raspberrypi_pico_sdk/libmicroros/libmicroros.a(libmicroxrcedds_client-custom_transport.c.obj)
 .text.send_custom_msg
                0x0000000010007050       0x64 /home/rrace001/pico/micro_ros_raspberrypi_pico_sdk/libmicroros/libmicroros.a(libmicroxrcedds_client-custom_transport.c.obj)
 .text.uxr_set_custom_transport_callbacks
                0x00000000100070b4       0x24 /home/rrace001/pico/micro_ros_raspberrypi_pico_sdk/libmicroros/libmicroros.a(libmicroxrcedds_client-custom_transport.c.obj)
                0x00000000100070b4                uxr_set_custom_transport_callbacks
 .text.uxr_init_custom_transport
                0x00000000100070d8       0x88 /home/rrace001/pico/micro_ros_raspberrypi_pico_sdk/libmicroros/libmicroros.a(libmicroxrcedds_client-custom_transport.c.obj)
                0x00000000100070d8                uxr_init_custom_transport
 .text.uxr_close_custom_transport
                0x0000000010007160        0xc /home/rrace001/pico/micro_ros_raspberrypi_pico_sdk/libmicroros/libmicroros.a(libmicroxrcedds_client-custom_transport.c.obj)
                0x0000000010007160                uxr_close_custom_transport
 .text.uxr_object_id
                0x000000001000716c       0x10 /home/rrace001/pico/micro_ros_raspberrypi_pico_sdk/libmicroros/libmicroros.a(libmicroxrcedds_client-object_id.c.obj)
                0x000000001000716c                uxr_object_id
 .text.uxr_object_id_from_raw
                0x000000001000717c       0x20 /home/rrace001/pico/micro_ros_raspberrypi_pico_sdk/libmicroros/libmicroros.a(libmicroxrcedds_client-object_id.c.obj)
                0x000000001000717c                uxr_object_id_from_raw
 .text.uxr_object_id_to_raw
                0x000000001000719c       0x18 /home/rrace001/pico/micro_ros_raspberrypi_pico_sdk/libmicroros/libmicroros.a(libmicroxrcedds_client-object_id.c.obj)
                0x000000001000719c                uxr_object_id_to_raw
 .text.uxr_ping_agent_session
                0x00000000100071b4       0x9c /home/rrace001/pico/micro_ros_raspberrypi_pico_sdk/libmicroros/libmicroros.a(libmicroxrcedds_client-ping.c.obj)
                0x00000000100071b4                uxr_ping_agent_session
 .text.uxr_ping_agent_attempts
                0x0000000010007250      0x198 /home/rrace001/pico/micro_ros_raspberrypi_pico_sdk/libmicroros/libmicroros.a(libmicroxrcedds_client-ping.c.obj)
                0x0000000010007250                uxr_ping_agent_attempts
 .text.on_get_fragmentation_info
                0x00000000100073e8       0x38 /home/rrace001/pico/micro_ros_raspberrypi_pico_sdk/libmicroros/libmicroros.a(libmicroxrcedds_client-session.c.obj)
 .text.read_submessage_get_info
                0x0000000010007420       0x74 /home/rrace001/pico/micro_ros_raspberrypi_pico_sdk/libmicroros/libmicroros.a(libmicroxrcedds_client-session.c.obj)
 .text.write_submessage_acknack.isra.0
                0x0000000010007494       0x6c /home/rrace001/pico/micro_ros_raspberrypi_pico_sdk/libmicroros/libmicroros.a(libmicroxrcedds_client-session.c.obj)
 .text.uxr_init_session
                0x0000000010007500       0x48 /home/rrace001/pico/micro_ros_raspberrypi_pico_sdk/libmicroros/libmicroros.a(libmicroxrcedds_client-session.c.obj)
                0x0000000010007500                uxr_init_session
 .text.uxr_set_status_callback
                0x0000000010007548        0xc /home/rrace001/pico/micro_ros_raspberrypi_pico_sdk/libmicroros/libmicroros.a(libmicroxrcedds_client-session.c.obj)
                0x0000000010007548                uxr_set_status_callback
 .text.uxr_set_topic_callback
                0x0000000010007554        0xc /home/rrace001/pico/micro_ros_raspberrypi_pico_sdk/libmicroros/libmicroros.a(libmicroxrcedds_client-session.c.obj)
                0x0000000010007554                uxr_set_topic_callback
 .text.uxr_set_request_callback
                0x0000000010007560        0xc /home/rrace001/pico/micro_ros_raspberrypi_pico_sdk/libmicroros/libmicroros.a(libmicroxrcedds_client-session.c.obj)
                0x0000000010007560                uxr_set_request_callback
 .text.uxr_set_reply_callback
                0x000000001000756c        0xc /home/rrace001/pico/micro_ros_raspberrypi_pico_sdk/libmicroros/libmicroros.a(libmicroxrcedds_client-session.c.obj)
                0x000000001000756c                uxr_set_reply_callback
 .text.uxr_create_output_best_effort_stream
                0x0000000010007578       0x3c /home/rrace001/pico/micro_ros_raspberrypi_pico_sdk/libmicroros/libmicroros.a(libmicroxrcedds_client-session.c.obj)
                0x0000000010007578                uxr_create_output_best_effort_stream
 .text.uxr_create_output_reliable_stream
                0x00000000100075b4       0x40 /home/rrace001/pico/micro_ros_raspberrypi_pico_sdk/libmicroros/libmicroros.a(libmicroxrcedds_client-session.c.obj)
                0x00000000100075b4                uxr_create_output_reliable_stream
 .text.uxr_create_input_best_effort_stream
                0x00000000100075f4       0x2c /home/rrace001/pico/micro_ros_raspberrypi_pico_sdk/libmicroros/libmicroros.a(libmicroxrcedds_client-session.c.obj)
                0x00000000100075f4                uxr_create_input_best_effort_stream
 .text.uxr_create_input_reliable_stream
                0x0000000010007620       0x34 /home/rrace001/pico/micro_ros_raspberrypi_pico_sdk/libmicroros/libmicroros.a(libmicroxrcedds_client-session.c.obj)
                0x0000000010007620                uxr_create_input_reliable_stream
 .text.uxr_epoch_nanos
                0x0000000010007654       0x14 /home/rrace001/pico/micro_ros_raspberrypi_pico_sdk/libmicroros/libmicroros.a(libmicroxrcedds_client-session.c.obj)
                0x0000000010007654                uxr_epoch_nanos
 .text.uxr_flash_output_streams
                0x0000000010007668       0xf4 /home/rrace001/pico/micro_ros_raspberrypi_pico_sdk/libmicroros/libmicroros.a(libmicroxrcedds_client-session.c.obj)
                0x0000000010007668                uxr_flash_output_streams
 .text.read_submessage_info
                0x000000001000775c       0xa8 /home/rrace001/pico/micro_ros_raspberrypi_pico_sdk/libmicroros/libmicroros.a(libmicroxrcedds_client-session.c.obj)
                0x000000001000775c                read_submessage_info
 .text.read_submessage_list
                0x0000000010007804      0x3f8 /home/rrace001/pico/micro_ros_raspberrypi_pico_sdk/libmicroros/libmicroros.a(libmicroxrcedds_client-session.c.obj)
 .text.listen_message_reliably
                0x0000000010007bfc      0x2a0 /home/rrace001/pico/micro_ros_raspberrypi_pico_sdk/libmicroros/libmicroros.a(libmicroxrcedds_client-session.c.obj)
 .text.uxr_run_session_timeout
                0x0000000010007e9c       0x30 /home/rrace001/pico/micro_ros_raspberrypi_pico_sdk/libmicroros/libmicroros.a(libmicroxrcedds_client-session.c.obj)
                0x0000000010007e9c                uxr_run_session_timeout
 .text.uxr_run_session_until_data
                0x0000000010007ecc       0x3c /home/rrace001/pico/micro_ros_raspberrypi_pico_sdk/libmicroros/libmicroros.a(libmicroxrcedds_client-session.c.obj)
                0x0000000010007ecc                uxr_run_session_until_data
 .text.uxr_run_session_until_confirm_delivery
                0x0000000010007f08       0x4c /home/rrace001/pico/micro_ros_raspberrypi_pico_sdk/libmicroros/libmicroros.a(libmicroxrcedds_client-session.c.obj)
                0x0000000010007f08                uxr_run_session_until_confirm_delivery
 .text.uxr_run_session_until_all_status
                0x0000000010007f54       0xb0 /home/rrace001/pico/micro_ros_raspberrypi_pico_sdk/libmicroros/libmicroros.a(libmicroxrcedds_client-session.c.obj)
                0x0000000010007f54                uxr_run_session_until_all_status
 .text.uxr_run_session_until_pong
                0x0000000010008004       0x44 /home/rrace001/pico/micro_ros_raspberrypi_pico_sdk/libmicroros/libmicroros.a(libmicroxrcedds_client-session.c.obj)
                0x0000000010008004                uxr_run_session_until_pong
 .text.wait_session_status
                0x0000000010008048      0x1c4 /home/rrace001/pico/micro_ros_raspberrypi_pico_sdk/libmicroros/libmicroros.a(libmicroxrcedds_client-session.c.obj)
 .text.uxr_delete_session_retries
                0x000000001000820c       0x50 /home/rrace001/pico/micro_ros_raspberrypi_pico_sdk/libmicroros/libmicroros.a(libmicroxrcedds_client-session.c.obj)
                0x000000001000820c                uxr_delete_session_retries
 .text.uxr_create_session
                0x000000001000825c      0x1f4 /home/rrace001/pico/micro_ros_raspberrypi_pico_sdk/libmicroros/libmicroros.a(libmicroxrcedds_client-session.c.obj)
                0x000000001000825c                uxr_create_session
 .text.uxr_prepare_stream_to_write_submessage
                0x0000000010008450       0x94 /home/rrace001/pico/micro_ros_raspberrypi_pico_sdk/libmicroros/libmicroros.a(libmicroxrcedds_client-session.c.obj)
                0x0000000010008450                uxr_prepare_stream_to_write_submessage
 .text.uxr_init_session_info
                0x00000000100084e4       0x20 /home/rrace001/pico/micro_ros_raspberrypi_pico_sdk/libmicroros/libmicroros.a(libmicroxrcedds_client-session_info.c.obj)
                0x00000000100084e4                uxr_init_session_info
 .text.uxr_buffer_create_session
                0x0000000010008504       0x58 /home/rrace001/pico/micro_ros_raspberrypi_pico_sdk/libmicroros/libmicroros.a(libmicroxrcedds_client-session_info.c.obj)
                0x0000000010008504                uxr_buffer_create_session
 .text.uxr_buffer_delete_session
                0x000000001000855c       0x34 /home/rrace001/pico/micro_ros_raspberrypi_pico_sdk/libmicroros/libmicroros.a(libmicroxrcedds_client-session_info.c.obj)
                0x000000001000855c                uxr_buffer_delete_session
 .text.uxr_read_create_session_status
                0x0000000010008590       0x18 /home/rrace001/pico/micro_ros_raspberrypi_pico_sdk/libmicroros/libmicroros.a(libmicroxrcedds_client-session_info.c.obj)
                0x0000000010008590                uxr_read_create_session_status
 .text.uxr_read_delete_session_status
                0x00000000100085a8       0x38 /home/rrace001/pico/micro_ros_raspberrypi_pico_sdk/libmicroros/libmicroros.a(libmicroxrcedds_client-session_info.c.obj)
                0x00000000100085a8                uxr_read_delete_session_status
 .text.uxr_stamp_create_session_header
                0x00000000100085e0       0x28 /home/rrace001/pico/micro_ros_raspberrypi_pico_sdk/libmicroros/libmicroros.a(libmicroxrcedds_client-session_info.c.obj)
                0x00000000100085e0                uxr_stamp_create_session_header
 .text.uxr_stamp_session_header
                0x0000000010008608       0x28 /home/rrace001/pico/micro_ros_raspberrypi_pico_sdk/libmicroros/libmicroros.a(libmicroxrcedds_client-session_info.c.obj)
                0x0000000010008608                uxr_stamp_session_header
 .text.uxr_read_session_header
                0x0000000010008630       0x90 /home/rrace001/pico/micro_ros_raspberrypi_pico_sdk/libmicroros/libmicroros.a(libmicroxrcedds_client-session_info.c.obj)
                0x0000000010008630                uxr_read_session_header
 .text.uxr_session_header_offset
                0x00000000100086c0        0xc /home/rrace001/pico/micro_ros_raspberrypi_pico_sdk/libmicroros/libmicroros.a(libmicroxrcedds_client-session_info.c.obj)
                0x00000000100086c0                uxr_session_header_offset
 .text.uxr_init_base_object_request
                0x00000000100086cc       0x3c /home/rrace001/pico/micro_ros_raspberrypi_pico_sdk/libmicroros/libmicroros.a(libmicroxrcedds_client-session_info.c.obj)
                0x00000000100086cc                uxr_init_base_object_request
 .text.uxr_parse_base_object_request
                0x0000000010008708       0x20 /home/rrace001/pico/micro_ros_raspberrypi_pico_sdk/libmicroros/libmicroros.a(libmicroxrcedds_client-session_info.c.obj)
                0x0000000010008708                uxr_parse_base_object_request
 .text.uxr_init_framing_io
                0x0000000010008728        0xc /home/rrace001/pico/micro_ros_raspberrypi_pico_sdk/libmicroros/libmicroros.a(libmicroxrcedds_client-stream_framing_protocol.c.obj)
                0x0000000010008728                uxr_init_framing_io
 .text.uxr_write_framed_msg
                0x0000000010008734      0x324 /home/rrace001/pico/micro_ros_raspberrypi_pico_sdk/libmicroros/libmicroros.a(libmicroxrcedds_client-stream_framing_protocol.c.obj)
                0x0000000010008734                uxr_write_framed_msg
 .text.uxr_framing_read_transport
                0x0000000010008a58      0x108 /home/rrace001/pico/micro_ros_raspberrypi_pico_sdk/libmicroros/libmicroros.a(libmicroxrcedds_client-stream_framing_protocol.c.obj)
                0x0000000010008a58                uxr_framing_read_transport
 .text.uxr_read_framed_msg
                0x0000000010008b60      0x428 /home/rrace001/pico/micro_ros_raspberrypi_pico_sdk/libmicroros/libmicroros.a(libmicroxrcedds_client-stream_framing_protocol.c.obj)
                0x0000000010008b60                uxr_read_framed_msg
 .text.uxr_stream_id
                0x0000000010008f88       0x4c /home/rrace001/pico/micro_ros_raspberrypi_pico_sdk/libmicroros/libmicroros.a(libmicroxrcedds_client-stream_id.c.obj)
                0x0000000010008f88                uxr_stream_id
 .text.uxr_stream_id_from_raw
                0x0000000010008fd4       0x58 /home/rrace001/pico/micro_ros_raspberrypi_pico_sdk/libmicroros/libmicroros.a(libmicroxrcedds_client-stream_id.c.obj)
                0x0000000010008fd4                uxr_stream_id_from_raw
 .text.uxr_init_stream_storage
                0x000000001000902c       0x14 /home/rrace001/pico/micro_ros_raspberrypi_pico_sdk/libmicroros/libmicroros.a(libmicroxrcedds_client-stream_storage.c.obj)
                0x000000001000902c                uxr_init_stream_storage
 .text.uxr_reset_stream_storage
                0x0000000010009040       0x80 /home/rrace001/pico/micro_ros_raspberrypi_pico_sdk/libmicroros/libmicroros.a(libmicroxrcedds_client-stream_storage.c.obj)
                0x0000000010009040                uxr_reset_stream_storage
 .text.uxr_add_output_best_effort_buffer
                0x00000000100090c0       0x3c /home/rrace001/pico/micro_ros_raspberrypi_pico_sdk/libmicroros/libmicroros.a(libmicroxrcedds_client-stream_storage.c.obj)
                0x00000000100090c0                uxr_add_output_best_effort_buffer
 .text.uxr_add_output_reliable_buffer
                0x00000000100090fc       0x4c /home/rrace001/pico/micro_ros_raspberrypi_pico_sdk/libmicroros/libmicroros.a(libmicroxrcedds_client-stream_storage.c.obj)
                0x00000000100090fc                uxr_add_output_reliable_buffer
 .text.uxr_add_input_best_effort_buffer
                0x0000000010009148       0x44 /home/rrace001/pico/micro_ros_raspberrypi_pico_sdk/libmicroros/libmicroros.a(libmicroxrcedds_client-stream_storage.c.obj)
                0x0000000010009148                uxr_add_input_best_effort_buffer
 .text.uxr_add_input_reliable_buffer
                0x000000001000918c       0x48 /home/rrace001/pico/micro_ros_raspberrypi_pico_sdk/libmicroros/libmicroros.a(libmicroxrcedds_client-stream_storage.c.obj)
                0x000000001000918c                uxr_add_input_reliable_buffer
 .text.uxr_get_output_best_effort_stream
                0x00000000100091d4       0x10 /home/rrace001/pico/micro_ros_raspberrypi_pico_sdk/libmicroros/libmicroros.a(libmicroxrcedds_client-stream_storage.c.obj)
                0x00000000100091d4                uxr_get_output_best_effort_stream
 .text.uxr_get_output_reliable_stream
                0x00000000100091e4       0x1c /home/rrace001/pico/micro_ros_raspberrypi_pico_sdk/libmicroros/libmicroros.a(libmicroxrcedds_client-stream_storage.c.obj)
                0x00000000100091e4                uxr_get_output_reliable_stream
 .text.uxr_get_input_best_effort_stream
                0x0000000010009200       0x14 /home/rrace001/pico/micro_ros_raspberrypi_pico_sdk/libmicroros/libmicroros.a(libmicroxrcedds_client-stream_storage.c.obj)
                0x0000000010009200                uxr_get_input_best_effort_stream
 .text.uxr_get_input_reliable_stream
                0x0000000010009214       0x1c /home/rrace001/pico/micro_ros_raspberrypi_pico_sdk/libmicroros/libmicroros.a(libmicroxrcedds_client-stream_storage.c.obj)
                0x0000000010009214                uxr_get_input_reliable_stream
 .text.uxr_output_streams_confirmed
                0x0000000010009230       0x30 /home/rrace001/pico/micro_ros_raspberrypi_pico_sdk/libmicroros/libmicroros.a(libmicroxrcedds_client-stream_storage.c.obj)
                0x0000000010009230                uxr_output_streams_confirmed
 .text.uxr_buffer_submessage_header
                0x0000000010009260       0x34 /home/rrace001/pico/micro_ros_raspberrypi_pico_sdk/libmicroros/libmicroros.a(libmicroxrcedds_client-submessage.c.obj)
                0x0000000010009260                uxr_buffer_submessage_header
 .text.uxr_read_submessage_header
                0x0000000010009294       0x4c /home/rrace001/pico/micro_ros_raspberrypi_pico_sdk/libmicroros/libmicroros.a(libmicroxrcedds_client-submessage.c.obj)
                0x0000000010009294                uxr_read_submessage_header
 .text.uxr_submessage_padding
                0x00000000100092e0       0x14 /home/rrace001/pico/micro_ros_raspberrypi_pico_sdk/libmicroros/libmicroros.a(libmicroxrcedds_client-submessage.c.obj)
                0x00000000100092e0                uxr_submessage_padding
 .text.uxr_millis
                0x00000000100092f4       0x38 /home/rrace001/pico/micro_ros_raspberrypi_pico_sdk/libmicroros/libmicroros.a(libmicroxrcedds_client-time.c.obj)
                0x00000000100092f4                uxr_millis
 .text.uxr_nanos
                0x000000001000932c       0x2c /home/rrace001/pico/micro_ros_raspberrypi_pico_sdk/libmicroros/libmicroros.a(libmicroxrcedds_client-time.c.obj)
                0x000000001000932c                uxr_nanos
 .text.on_full_output_buffer_fragmented
                0x0000000010009358      0x12c /home/rrace001/pico/micro_ros_raspberrypi_pico_sdk/libmicroros/libmicroros.a(libmicroxrcedds_client-write_access.c.obj)
                0x0000000010009358                on_full_output_buffer_fragmented
 .text.uxr_prepare_output_stream
                0x0000000010009484       0x68 /home/rrace001/pico/micro_ros_raspberrypi_pico_sdk/libmicroros/libmicroros.a(libmicroxrcedds_client-write_access.c.obj)
                0x0000000010009484                uxr_prepare_output_stream
 .text.uxr_prepare_output_stream_fragmented
                0x00000000100094ec      0x1dc /home/rrace001/pico/micro_ros_raspberrypi_pico_sdk/libmicroros/libmicroros.a(libmicroxrcedds_client-write_access.c.obj)
                0x00000000100094ec                uxr_prepare_output_stream_fragmented
 .text.uxr_serialize_message_header
                0x00000000100096c8       0x34 /home/rrace001/pico/micro_ros_raspberrypi_pico_sdk/libmicroros/libmicroros.a(libmicroxrcedds_client-xrce_header.c.obj)
                0x00000000100096c8                uxr_serialize_message_header
 .text.uxr_deserialize_message_header
                0x00000000100096fc       0x34 /home/rrace001/pico/micro_ros_raspberrypi_pico_sdk/libmicroros/libmicroros.a(libmicroxrcedds_client-xrce_header.c.obj)
                0x00000000100096fc                uxr_deserialize_message_header
 .text.uxr_serialize_submessage_header
                0x0000000010009730       0x20 /home/rrace001/pico/micro_ros_raspberrypi_pico_sdk/libmicroros/libmicroros.a(libmicroxrcedds_client-xrce_subheader.c.obj)
                0x0000000010009730                uxr_serialize_submessage_header
 .text.uxr_deserialize_submessage_header
                0x0000000010009750       0x20 /home/rrace001/pico/micro_ros_raspberrypi_pico_sdk/libmicroros/libmicroros.a(libmicroxrcedds_client-xrce_subheader.c.obj)
                0x0000000010009750                uxr_deserialize_submessage_header
 .text.uxr_serialize_CLIENT_Representation
                0x0000000010009770       0xbc /home/rrace001/pico/micro_ros_raspberrypi_pico_sdk/libmicroros/libmicroros.a(libmicroxrcedds_client-xrce_types.c.obj)
                0x0000000010009770                uxr_serialize_CLIENT_Representation
 .text.uxr_deserialize_CLIENT_Representation
                0x000000001000982c       0xd0 /home/rrace001/pico/micro_ros_raspberrypi_pico_sdk/libmicroros/libmicroros.a(libmicroxrcedds_client-xrce_types.c.obj)
                0x000000001000982c                uxr_deserialize_CLIENT_Representation
 .text.uxr_serialize_AGENT_Representation
                0x00000000100098fc       0x98 /home/rrace001/pico/micro_ros_raspberrypi_pico_sdk/libmicroros/libmicroros.a(libmicroxrcedds_client-xrce_types.c.obj)
                0x00000000100098fc                uxr_serialize_AGENT_Representation
 .text.uxr_serialize_DATAWRITER_Representation
                0x0000000010009994       0x50 /home/rrace001/pico/micro_ros_raspberrypi_pico_sdk/libmicroros/libmicroros.a(libmicroxrcedds_client-xrce_types.c.obj)
                0x0000000010009994                uxr_serialize_DATAWRITER_Representation
 .text.uxr_serialize_ObjectVariant.part.0
                0x00000000100099e4       0xe0 /home/rrace001/pico/micro_ros_raspberrypi_pico_sdk/libmicroros/libmicroros.a(libmicroxrcedds_client-xrce_types.c.obj)
 .text.uxr_deserialize_DATAWRITER_Representation
                0x0000000010009ac4       0x54 /home/rrace001/pico/micro_ros_raspberrypi_pico_sdk/libmicroros/libmicroros.a(libmicroxrcedds_client-xrce_types.c.obj)
                0x0000000010009ac4                uxr_deserialize_DATAWRITER_Representation
 .text.uxr_serialize_OBJK_DomainParticipant_Binary
                0x0000000010009b18       0x44 /home/rrace001/pico/micro_ros_raspberrypi_pico_sdk/libmicroros/libmicroros.a(libmicroxrcedds_client-xrce_types.c.obj)
                0x0000000010009b18                uxr_serialize_OBJK_DomainParticipant_Binary
 .text.uxr_serialize_OBJK_Topic_Binary
                0x0000000010009b5c       0x5c /home/rrace001/pico/micro_ros_raspberrypi_pico_sdk/libmicroros/libmicroros.a(libmicroxrcedds_client-xrce_types.c.obj)
                0x0000000010009b5c                uxr_serialize_OBJK_Topic_Binary
 .text.uxr_serialize_OBJK_Publisher_Binary_Qos
                0x0000000010009bb8      0x130 /home/rrace001/pico/micro_ros_raspberrypi_pico_sdk/libmicroros/libmicroros.a(libmicroxrcedds_client-xrce_types.c.obj)
                0x0000000010009bb8                uxr_serialize_OBJK_Publisher_Binary_Qos
 .text.uxr_serialize_OBJK_Publisher_Binary
                0x0000000010009ce8       0x48 /home/rrace001/pico/micro_ros_raspberrypi_pico_sdk/libmicroros/libmicroros.a(libmicroxrcedds_client-xrce_types.c.obj)
                0x0000000010009ce8                uxr_serialize_OBJK_Publisher_Binary
 .text.uxr_serialize_OBJK_Endpoint_QosBinary
                0x0000000010009d30       0xb8 /home/rrace001/pico/micro_ros_raspberrypi_pico_sdk/libmicroros/libmicroros.a(libmicroxrcedds_client-xrce_types.c.obj)
                0x0000000010009d30                uxr_serialize_OBJK_Endpoint_QosBinary
 .text.uxr_serialize_OBJK_DataWriter_Binary
                0x0000000010009de8       0x64 /home/rrace001/pico/micro_ros_raspberrypi_pico_sdk/libmicroros/libmicroros.a(libmicroxrcedds_client-xrce_types.c.obj)
                0x0000000010009de8                uxr_serialize_OBJK_DataWriter_Binary
 .text.uxr_deserialize_ObjectVariant
                0x0000000010009e4c      0x13c /home/rrace001/pico/micro_ros_raspberrypi_pico_sdk/libmicroros/libmicroros.a(libmicroxrcedds_client-xrce_types.c.obj)
                0x0000000010009e4c                uxr_deserialize_ObjectVariant
 .text.uxr_deserialize_BaseObjectRequest
                0x0000000010009f88       0x20 /home/rrace001/pico/micro_ros_raspberrypi_pico_sdk/libmicroros/libmicroros.a(libmicroxrcedds_client-xrce_types.c.obj)
                0x0000000010009f88                uxr_deserialize_BaseObjectRequest
 .text.uxr_serialize_ActivityInfoVariant
                0x0000000010009fa8      0x174 /home/rrace001/pico/micro_ros_raspberrypi_pico_sdk/libmicroros/libmicroros.a(libmicroxrcedds_client-xrce_types.c.obj)
                0x0000000010009fa8                uxr_serialize_ActivityInfoVariant
 .text.uxr_deserialize_BaseObjectReply
                0x000000001000a11c       0x40 /home/rrace001/pico/micro_ros_raspberrypi_pico_sdk/libmicroros/libmicroros.a(libmicroxrcedds_client-xrce_types.c.obj)
                0x000000001000a11c                uxr_deserialize_BaseObjectReply
 .text.uxr_serialize_ReadSpecification
                0x000000001000a15c       0x98 /home/rrace001/pico/micro_ros_raspberrypi_pico_sdk/libmicroros/libmicroros.a(libmicroxrcedds_client-xrce_types.c.obj)
                0x000000001000a15c                uxr_serialize_ReadSpecification
 .text.uxr_serialize_CREATE_CLIENT_Payload
                0x000000001000a1f4        0x8 /home/rrace001/pico/micro_ros_raspberrypi_pico_sdk/libmicroros/libmicroros.a(libmicroxrcedds_client-xrce_types.c.obj)
                0x000000001000a1f4                uxr_serialize_CREATE_CLIENT_Payload
 .text.uxr_serialize_CREATE_Payload
                0x000000001000a1fc      0x11c /home/rrace001/pico/micro_ros_raspberrypi_pico_sdk/libmicroros/libmicroros.a(libmicroxrcedds_client-xrce_types.c.obj)
                0x000000001000a1fc                uxr_serialize_CREATE_Payload
 .text.uxr_serialize_GET_INFO_Payload
                0x000000001000a318       0x28 /home/rrace001/pico/micro_ros_raspberrypi_pico_sdk/libmicroros/libmicroros.a(libmicroxrcedds_client-xrce_types.c.obj)
                0x000000001000a318                uxr_serialize_GET_INFO_Payload
 .text.uxr_deserialize_GET_INFO_Payload
                0x000000001000a340       0x28 /home/rrace001/pico/micro_ros_raspberrypi_pico_sdk/libmicroros/libmicroros.a(libmicroxrcedds_client-xrce_types.c.obj)
                0x000000001000a340                uxr_deserialize_GET_INFO_Payload
 .text.uxr_serialize_DELETE_Payload
                0x000000001000a368       0x20 /home/rrace001/pico/micro_ros_raspberrypi_pico_sdk/libmicroros/libmicroros.a(libmicroxrcedds_client-xrce_types.c.obj)
                0x000000001000a368                uxr_serialize_DELETE_Payload
 .text.uxr_deserialize_STATUS_AGENT_Payload
                0x000000001000a388       0x68 /home/rrace001/pico/micro_ros_raspberrypi_pico_sdk/libmicroros/libmicroros.a(libmicroxrcedds_client-xrce_types.c.obj)
                0x000000001000a388                uxr_deserialize_STATUS_AGENT_Payload
 .text.uxr_deserialize_STATUS_Payload
                0x000000001000a3f0       0x40 /home/rrace001/pico/micro_ros_raspberrypi_pico_sdk/libmicroros/libmicroros.a(libmicroxrcedds_client-xrce_types.c.obj)
                0x000000001000a3f0                uxr_deserialize_STATUS_Payload
 .text.uxr_serialize_INFO_Payload
                0x000000001000a430       0xa0 /home/rrace001/pico/micro_ros_raspberrypi_pico_sdk/libmicroros/libmicroros.a(libmicroxrcedds_client-xrce_types.c.obj)
                0x000000001000a430                uxr_serialize_INFO_Payload
 .text.uxr_serialize_READ_DATA_Payload
                0x000000001000a4d0       0x28 /home/rrace001/pico/micro_ros_raspberrypi_pico_sdk/libmicroros/libmicroros.a(libmicroxrcedds_client-xrce_types.c.obj)
                0x000000001000a4d0                uxr_serialize_READ_DATA_Payload
 .text.uxr_serialize_WRITE_DATA_Payload_Data
                0x000000001000a4f8       0x20 /home/rrace001/pico/micro_ros_raspberrypi_pico_sdk/libmicroros/libmicroros.a(libmicroxrcedds_client-xrce_types.c.obj)
                0x000000001000a4f8                uxr_serialize_WRITE_DATA_Payload_Data
 .text.uxr_serialize_ACKNACK_Payload
                0x000000001000a518       0x28 /home/rrace001/pico/micro_ros_raspberrypi_pico_sdk/libmicroros/libmicroros.a(libmicroxrcedds_client-xrce_types.c.obj)
                0x000000001000a518                uxr_serialize_ACKNACK_Payload
 .text.uxr_deserialize_ACKNACK_Payload
                0x000000001000a540       0x28 /home/rrace001/pico/micro_ros_raspberrypi_pico_sdk/libmicroros/libmicroros.a(libmicroxrcedds_client-xrce_types.c.obj)
                0x000000001000a540                uxr_deserialize_ACKNACK_Payload
 .text.uxr_serialize_HEARTBEAT_Payload
                0x000000001000a568       0x28 /home/rrace001/pico/micro_ros_raspberrypi_pico_sdk/libmicroros/libmicroros.a(libmicroxrcedds_client-xrce_types.c.obj)
                0x000000001000a568                uxr_serialize_HEARTBEAT_Payload
 .text.uxr_deserialize_HEARTBEAT_Payload
                0x000000001000a590       0x24 /home/rrace001/pico/micro_ros_raspberrypi_pico_sdk/libmicroros/libmicroros.a(libmicroxrcedds_client-xrce_types.c.obj)
                0x000000001000a590                uxr_deserialize_HEARTBEAT_Payload
 .text.uxr_deserialize_TIMESTAMP_REPLY_Payload
                0x000000001000a5b4       0x5c /home/rrace001/pico/micro_ros_raspberrypi_pico_sdk/libmicroros/libmicroros.a(libmicroxrcedds_client-xrce_types.c.obj)
                0x000000001000a5b4                uxr_deserialize_TIMESTAMP_REPLY_Payload
 .text.uxr_serialize_SampleIdentity
                0x000000001000a610       0x54 /home/rrace001/pico/micro_ros_raspberrypi_pico_sdk/libmicroros/libmicroros.a(libmicroxrcedds_client-xrce_types.c.obj)
                0x000000001000a610                uxr_serialize_SampleIdentity
 .text.uxr_deserialize_SampleIdentity
                0x000000001000a664       0x5c /home/rrace001/pico/micro_ros_raspberrypi_pico_sdk/libmicroros/libmicroros.a(libmicroxrcedds_client-xrce_types.c.obj)
                0x000000001000a664                uxr_deserialize_SampleIdentity
 .text.rcl_client_get_rmw_handle
                0x000000001000a6c0       0x18 /home/rrace001/pico/micro_ros_raspberrypi_pico_sdk/libmicroros/libmicroros.a(librcl-client.c.obj)
                0x000000001000a6c0                rcl_client_get_rmw_handle
 .text.rcl_send_request
                0x000000001000a6d8       0xbc /home/rrace001/pico/micro_ros_raspberrypi_pico_sdk/libmicroros/libmicroros.a(librcl-client.c.obj)
                0x000000001000a6d8                rcl_send_request
 .text.rcl_take_response
                0x000000001000a794       0xc8 /home/rrace001/pico/micro_ros_raspberrypi_pico_sdk/libmicroros/libmicroros.a(librcl-client.c.obj)
                0x000000001000a794                rcl_take_response
 .text.rcl_client_is_valid
                0x000000001000a85c       0x1c /home/rrace001/pico/micro_ros_raspberrypi_pico_sdk/libmicroros/libmicroros.a(librcl-client.c.obj)
                0x000000001000a85c                rcl_client_is_valid
 .text.rcl_convert_rmw_ret_to_rcl_ret
                0x000000001000a878       0x1c /home/rrace001/pico/micro_ros_raspberrypi_pico_sdk/libmicroros/libmicroros.a(librcl-common.c.obj)
                0x000000001000a878                rcl_convert_rmw_ret_to_rcl_ret
 .text.rcl_get_zero_initialized_context
                0x000000001000a894       0x10 /home/rrace001/pico/micro_ros_raspberrypi_pico_sdk/libmicroros/libmicroros.a(librcl-context.c.obj)
                0x000000001000a894                rcl_get_zero_initialized_context
 .text.rcl_context_is_valid
                0x000000001000a8a4       0x14 /home/rrace001/pico/micro_ros_raspberrypi_pico_sdk/libmicroros/libmicroros.a(librcl-context.c.obj)
                0x000000001000a8a4                rcl_context_is_valid
 .text.__cleanup_context
                0x000000001000a8b8       0xe0 /home/rrace001/pico/micro_ros_raspberrypi_pico_sdk/libmicroros/libmicroros.a(librcl-context.c.obj)
                0x000000001000a8b8                __cleanup_context
 .text.rcl_init
                0x000000001000a998      0x284 /home/rrace001/pico/micro_ros_raspberrypi_pico_sdk/libmicroros/libmicroros.a(librcl-init.c.obj)
                0x000000001000a998                rcl_init
 .text.rcl_get_zero_initialized_init_options